//go:build kyse

package layouts

import "github.com/arandu-io/kyse/components"

<!doctype html>
<html lang="en" class="h-full">
<head>
	<meta charset="utf-8">
	<meta name="viewport" content="width=device-width, initial-scale=1">

	{{-- What a rejected form means.
	     htmx swaps a response only when its table of response handling says to,
	     and the default in the copy this framework embeds ends with
	     {"code":"[45]..","swap":false} -- so a 422 is fetched, is correct, and is
	     thrown away. The person sees the form they submitted, unchanged, with no
	     message on it, and concludes the button does nothing. Every screen this
	     kit publishes is a form, so without this line none of them can say why
	     they refused anything.
	     422 comes before the catch-all because htmx takes the first entry that
	     matches. See framework/http/context.go.

	     includeIndicatorStyles is false because htmx would otherwise inject a
	     <style> element of its own on the first request, and the policy is
	     style-src 'self' with no unsafe-inline: the browser refuses it, once per
	     page, in a console nobody has open. The classes it would have written are
	     in the stylesheet already. --}}
	<meta name="htmx-config" content='{"includeIndicatorStyles":false,"responseHandling":[{"code":"204","swap":false},{"code":"422","swap":true},{"code":"[23]..","swap":true},{"code":"[45]..","swap":false,"error":true}]}'>
	<title>{{ .PageTitle() }}</title>
	{{-- Both icons, because a browser picks by what it is given: the .ico is the
	     one asked for by address and sizes="any" is what stops a modern browser
	     rasterising it at one size, and the .png is what everything else takes. --}}
	<link rel="icon" href="/favicon.ico" sizes="any">
	<link rel="icon" href="/favicon.png" type="image/png">

	{{-- What a page says about itself, written only when the page filled it in.
	     An empty description is worse than none: a search engine that finds one
	     stops looking for a better sentence in the body. --}}
	@if(.PageDescription() != "")
		<meta name="description" content="{{ .PageDescription() }}">
		<meta property="og:description" content="{{ .PageDescription() }}">
	@endif
	@if(.CanonicalURL() != "")
		<link rel="canonical" href="{{ .CanonicalURL() }}">
		<meta property="og:url" content="{{ .CanonicalURL() }}">
	@endif
	<meta property="og:title" content="{{ .PageTitle() }}">
	<meta property="og:site_name" content="{{ .BrandName() }}">
	<meta property="og:type" content="website">
	<meta name="twitter:card" content="summary_large_image">

	<link rel="stylesheet" href="{{ view.URL("app.css") }}">
	<script src="{{ view.URL("htmx.min.js") }}" defer></script>
	{{-- These four, and no client framework beside them. State on this stack
	     lives on the server: a handler decides and answers markup that is already
	     correct, so there is no second copy of it here to keep in step. The hx-
	     attributes below say only where to ask and what to replace, and nothing
	     reads a value back out of one.

	     What is left is what dies with the tab and the server never needs to hear
	     about -- a menu that is open, a row that is selected -- and ui.js is where
	     it lives. It binds once on document and dispatches on data- attributes,
	     so markup htmx swaps in is live the moment it lands and there is nothing
	     to initialise; open and selected are kept in the ARIA the markup already
	     carries, which makes the DOM the only copy. It reads no expression, and
	     it could not: the policy is script-src 'self' with no unsafe-eval, so
	     anything compiling a directive out of a string throws before it runs.

	     A fifth tag would also have to have something to serve, and view.URL is
	     what decides: it panics on a name nothing registered, naming the ones
	     that are, so a tag for an asset that does not exist takes the request
	     down rather than 404ing quietly on every page. Register it with
	     view.RegisterAsset before writing the tag. --}}
	<script src="{{ view.URL("ui.js") }}" defer></script>
	<script src="{{ view.URL("basecoat.bundle.js") }}" defer></script>
	<script src="{{ view.URL("theme.js") }}"></script>
</head>
<body hx-boost="true" hx-headers='{"X-CSRF-Token": "{{ .CSRFToken() }}"}' class="bg-background text-foreground min-h-full antialiased">
	<div class="flex min-h-full flex-col">
		<header class="border-b">
			<nav class="mx-auto flex h-16 max-w-5xl items-center justify-between gap-4 px-6">
				<a href="{{ .HomeLink() }}" class="text-sm font-semibold tracking-tight">{{ .BrandName() }}</a>
				<div class="flex items-center gap-2 text-sm">
					{!! components.ThemeToggle() !!}
					@if(!.SignedIn())
						<a href="{{ .LoginLink() }}" class="btn" data-variant="ghost" data-size="sm">Login</a>
						@if(.RegisterLink() != "")
							<a href="{{ .RegisterLink() }}" class="btn" data-size="sm">Register</a>
						@endif
					@endif
					@if(.SignedIn())
						<span class="text-muted-foreground">{{ .SignedInName() }}</span>
						<form method="post" action="{{ .LogoutLink() }}">
							@csrf
							<button type="submit" class="btn" data-variant="ghost" data-size="sm">Logout</button>
						</form>
					@endif
				</div>
			</nav>
		</header>

		{{-- The boundary. Everything outside this element is drawn once, when the
		     document is fetched: a swap replaces markup inside the page and never
		     re-runs this file, so the header, the token above and the tray below
		     keep saying what they said then, for as long as the tab is open.

		     A value that changes on an interaction belongs inside the target that
		     changes it, and not here. Drawn in both places it is one value with
		     two copies, and only the inner one is ever refreshed. --}}
		<main class="mx-auto w-full max-w-5xl grow px-6 py-10">
			@yield('content')
		</main>

		{{-- The tray flash messages land in. An endpoint that saves something
		     answers with a toast fragment and hx-swap="beforeend" on this
		     element; the vendored script arms whatever appears inside it. --}}
		<div id="toaster" class="toaster" aria-live="polite"></div>
	</div>
</body>
</html>
