//go:build kyse

package layouts

import "github.com/arandu-io/kyse/components"

<!doctype html>
<html lang="en" class="h-full">
<head>
	<meta charset="utf-8">
	<meta name="viewport" content="width=device-width, initial-scale=1">

	{{-- What a rejected form means.
	     htmx swaps a response only when its table of response handling says to,
	     and the default in the copy this framework embeds ends with
	     {"code":"[45]..","swap":false} -- so a 422 is fetched, is correct, and is
	     thrown away. The person sees the form they submitted, unchanged, with no
	     message on it, and concludes the button does nothing. Every screen this
	     kit publishes is a form, so without this line none of them can say why
	     they refused anything.
	     422 comes before the catch-all because htmx takes the first entry that
	     matches. See framework/http/context.go. --}}
	<meta name="htmx-config" content='{"responseHandling":[{"code":"204","swap":false},{"code":"422","swap":true},{"code":"[23]..","swap":true},{"code":"[45]..","swap":false,"error":true}]}'>
	<title>{{ .PageTitle() }}</title>
	<link rel="icon" href="/favicon.ico">

	{{-- What a page says about itself, written only when the page filled it in.
	     An empty description is worse than none: a search engine that finds one
	     stops looking for a better sentence in the body. --}}
	@if(.PageDescription() != "")
		<meta name="description" content="{{ .PageDescription() }}">
		<meta property="og:description" content="{{ .PageDescription() }}">
	@endif
	@if(.CanonicalURL() != "")
		<link rel="canonical" href="{{ .CanonicalURL() }}">
		<meta property="og:url" content="{{ .CanonicalURL() }}">
	@endif
	<meta property="og:title" content="{{ .PageTitle() }}">
	<meta property="og:site_name" content="{{ .BrandName() }}">
	<meta property="og:type" content="website">
	<meta name="twitter:card" content="summary_large_image">

	<link rel="stylesheet" href="{{ view.URL("app.css") }}">
	<script src="{{ view.URL("htmx.min.js") }}" defer></script>
	{{-- Alpine is not loaded here. Nothing in this layout or the screens under it
	     uses it, and the collection embeds no alpine.min.js -- so the tag was a
	     404 on every page of every project that published this kit, which
	     view.URL answers with /_arandu/assets/missing/alpine.min.js.

	     It stays the sanctioned way to hold ephemeral client state (RULE 13), and
	     a project that reaches for it registers the asset and adds the tag back.
	     Loading it for pages that have none is a request that costs and does
	     nothing. --}}
	<script src="{{ view.URL("basecoat.bundle.js") }}" defer></script>
	<script src="{{ view.URL("theme.js") }}"></script>
</head>
<body hx-boost="true" hx-headers='{"X-CSRF-Token": "{{ .CSRFToken() }}"}' class="bg-background text-foreground min-h-full antialiased">
	<div class="flex min-h-full flex-col">
		<header class="border-b">
			<nav class="mx-auto flex h-16 max-w-5xl items-center justify-between gap-4 px-6">
				<a href="{{ .HomeLink() }}" class="text-sm font-semibold tracking-tight">{{ .BrandName() }}</a>
				<div class="flex items-center gap-2 text-sm">
					{!! components.ThemeToggle() !!}
					@if(!.SignedIn())
						<a href="{{ .LoginLink() }}" class="btn" data-variant="ghost" data-size="sm">Login</a>
						@if(.RegisterLink() != "")
							<a href="{{ .RegisterLink() }}" class="btn" data-size="sm">Register</a>
						@endif
					@endif
					@if(.SignedIn())
						<span class="text-muted-foreground">{{ .SignedInName() }}</span>
						<form method="post" action="{{ .LogoutLink() }}">
							@csrf
							<button type="submit" class="btn" data-variant="ghost" data-size="sm">Logout</button>
						</form>
					@endif
				</div>
			</nav>
		</header>

		<main class="mx-auto w-full max-w-5xl grow px-6 py-10">
			@yield('content')
		</main>

		{{-- The tray flash messages land in. An endpoint that saves something
		     answers with a toast fragment and hx-swap="beforeend" on this
		     element; the vendored script arms whatever appears inside it. --}}
		<div id="toaster" class="toaster" aria-live="polite"></div>
	</div>
</body>
</html>
