//go:build kyse

package passwords

import (
	"github.com/arandu-io/kyse/components"

	authui "example.test/project/app/Http/Controllers/Auth"
)

@go
// ConfirmData is what the password-confirmation screen draws.
type ConfirmData = authui.AuthPage
@endgo

@extends('layouts.app')

@section('content')
	<div class="mx-auto w-full max-w-md">
		<section class="card">
			<header class="border-b px-6 py-4">
				<h1 class="text-base font-semibold tracking-tight">Confirm your password</h1>
			</header>

			<form class="flex flex-col gap-4 px-6 py-6" method="post" action="{{ .PasswordConfirmURL }}">
				@csrf

				<p class="text-muted-foreground text-sm">This is a protected area. Confirm your password before going on.</p>

				{!! components.Password(components.PasswordProps{
					ComponentProps: components.ComponentProps{Parts: components.Parts{
						"group": {Class: "relative flex w-full min-w-0 items-center outline-none"},
						"input": {Class: "text-foreground placeholder:text-muted-foreground block h-full min-w-0 flex-1 appearance-none rounded-none border-0 bg-transparent shadow-none outline-none ring-0 focus-visible:ring-0 aria-invalid:ring-0"},
						"reveal": {Class: "order-last me-1 shrink-0"},
					}},
					Name: "password", Label: "Password",
					Page: ., Confirming: true,
					Autocomplete: "current-password", Required: true, Autofocus: true,
				}) !!}

				<div>
					<button type="submit" class="btn">Confirm</button>
				</div>
			</form>
		</section>
	</div>
@endsection
