//go:build kyse

package passwords

import (
	"github.com/arandu-io/kyse/components"

	authui "example.test/project/app/Http/Controllers/Auth"
)

@go
// ConfirmData is what the password-confirmation screen draws.
type ConfirmData = authui.AuthPage
@endgo

@extends('layouts.app')

@section('content')
	<div class="mx-auto w-full max-w-md">
		<section class="card">
			<header class="border-b px-6 py-4">
				<h1 class="text-base font-semibold tracking-tight">Confirm your password</h1>
			</header>

			<form class="flex flex-col gap-4 px-6 py-6" method="post" action="{{ .PasswordConfirmURL }}">
				@csrf

				<p class="text-muted-foreground text-sm">This is a protected area. Confirm your password before going on.</p>

				{!! components.Field(components.FieldProps{
					Name: "password", Label: "Password", Type: "password",
					Page: .,
					Autocomplete: "current-password", Required: true, Autofocus: true,
				}) !!}

				<div>
					<button type="submit" class="btn">Confirm</button>
				</div>
			</form>
		</section>
	</div>
@endsection
