//go:build kyse

package passwords

import (
	"github.com/arandu-io/kyse/components"

	authui "example.test/project/app/Http/Controllers/Auth"
)

@go
// EmailData is what the "send me a link" screen draws.
type EmailData = authui.AuthPage
@endgo

@extends('layouts.app')

@section('content')
	<div class="mx-auto w-full max-w-md">
		<section class="card">
			<header class="border-b px-6 py-4">
				<h1 class="text-base font-semibold tracking-tight">Reset your password</h1>
			</header>

			<form class="flex flex-col gap-4 px-6 py-6" method="post" action="{{ .PasswordEmailURL }}">
				@csrf

				@if(.Status != "")
					{!! components.Alert(components.AlertProps{Title: .Status}) !!}
				@endif

				{!! components.Field(components.FieldProps{
					Name: "email", Label: "Email", Type: "email",
					Value: .Email, Error: .EmailError,
					Hint: "We will send a link if the address is registered.",
					Autocomplete: "email", Required: true, Autofocus: true,
				}) !!}

				<div>
					<button type="submit" class="btn">Send the link</button>
				</div>
			</form>
		</section>
	</div>
@endsection
