//go:build kyse

package views

import (
	"github.com/arandu-io/kyse/components"

	authui "example.test/project/app/Http/Controllers/Auth"
)

@go
// HomeData is what HomeController.Index hands this page.
type HomeData = authui.AuthPage
@endgo

@extends('layouts.app')

@section('content')
	<div class="mx-auto w-full max-w-2xl">
		<section class="card">
			<header class="border-b px-6 py-4">
				<h1 class="text-base font-semibold tracking-tight">Dashboard</h1>
			</header>
			<div class="px-6 py-6 text-sm">
				@if(.Status != "")
					<div class="mb-4">
						{!! components.Alert(components.AlertProps{Title: .Status}) !!}
					</div>
				@endif
				<p class="text-muted-foreground">You are logged in.</p>
			</div>
		</section>
	</div>
@endsection
