package controllers

import (
	"github.com/arandu-io/framework/httpx"
	"github.com/arandu-io/framework/security"

	"example.test/project/resources/views"
)

// HomeController answers the landing page.
//
// It renders with views.AuthPage, the struct layouts/app declares: a page that
// declares no data of its own renders with its layout's struct, so every screen
// of the kit shares this one. A field this page does not use stays at its zero
// value.
type HomeController struct {
	Controller

	// appName is what the page is titled. It arrives through the constructor
	// rather than through a global read: a controller that reads the
	// environment is a controller no test can pin.
	appName string

	// sessions and csrf are what the chrome is drawn from: who is signed in,
	// and the token every write of this session carries. They arrive through
	// the constructor for the same reason appName does, and they are the same
	// two every controller `aru make:module` writes takes -- a screen is
	// allowed to know about a token and a cookie.
	sessions *security.SessionStore
	csrf     *security.CSRF
}

// NewHomeController returns the controller. bootstrap/app.go builds it and hands
// it to the routes.
func NewHomeController(appName string, sessions *security.SessionStore, csrf *security.CSRF) *HomeController {
	return &HomeController{appName: appName, sessions: sessions, csrf: csrf}
}

// Compile-time proof that this controller answers GET / the way Resource and the
// route table expect. It costs nothing and catches a renamed method.
var _ httpx.Indexer = (*HomeController)(nil)

// Index renders the landing page.
//
// The session and the token are read above the custom block, and deliberately:
// they are what the layout draws its navigation and its hx-headers from, so a
// regeneration that carried over an edited block would otherwise carry over a
// page that greets a signed-in visitor with a sign-in link.
func (c *HomeController) Index(ctx *httpx.Context) error {
	// Who is signed in, from the session cookie and never from the request. An
	// error here is the anonymous case -- no cookie, a forged one, or a session
	// that expired -- and the guest half of the navigation is what gets drawn.
	subject, err := c.sessions.Load(ctx.Ctx(), ctx.Request)
	signedIn := err == nil

	// The token reaches the markup twice: the hidden field of the sign-out form
	// and the hx-headers attribute on <body>. A page rendered without one
	// answers 200 and then refuses the next write with 419, which reads like a
	// broken session rather than a missing field.
	token, err := c.csrf.Issue(c.sessions.IDFromRequest(ctx.Request))
	if err != nil {
		return err
	}

	// arandu:begin custom
	return ctx.View("home", views.AuthPage{
		// views.Page is the state the layout draws, embedded rather than
		// repeated. The navigation draws a link only for what answers: the kit
		// ships the sign-in handler and nothing else, so RegisterURL stays
		// empty and the link is not drawn -- a link to a route nobody
		// registered is a 404 the layout put there.
		Page: views.Page{
			AppName:       c.appName,
			Title:         c.appName,
			Token:         token,
			Authenticated: signedIn,
			// The identifier, because that is what a session carries. Show a
			// display name here once you have a screen that loads the user
			// through its policy.
			UserName:  subject.ID,
			HomeURL:   "/",
			LoginURL:  "/auth/login",
			LogoutURL: "/auth/logout",
		},

		// Password reset stays off for the same reason: write the handler, then
		// turn the link on.
		HasPasswordReset: false,
	})
	// arandu:end custom
}
