// Package js carries this project's client script into the binary.
//
// One file with one job, and the job is transport. Everything about what the
// script does is in the script.
package js

import (
	_ "embed"

	"github.com/arandu-io/hesape/view"
)

// script is where this application registers its own behaviours.
//
// It is served verbatim: there is no bundler, no transpiler and no minifier in
// this project, so the bytes here are the bytes the browser runs.
//
//go:embed custom.js
var script []byte

// init hands the script to the view layer, which serves it content-addressed
// from this origin, and the layout references it by name.
//
// Importing this package is what makes it happen -- the same shape the views
// use -- so the blank import in bootstrap is not optional: the layout asks for
// the asset by name, and a name nothing registered is refused rather than
// served as a broken URL.
//
// An empty file is refused here too, when the application starts. A zero-byte
// script is a tag that loads, runs nothing, and reads like a behaviour that was
// never registered.
func init() {
	view.RegisterAsset("custom.js", "application/javascript; charset=utf-8", script)
}
