package authui

import (
	"errors"
	"fmt"
	"net/http"
	"strconv"
	"strings"

	fhttp "github.com/arandu-io/framework/http"
	"github.com/arandu-io/framework/http/middleware"
	"github.com/arandu-io/framework/observability"
	"github.com/arandu-io/framework/security"
	"github.com/arandu-io/framework/validation"
	nativeauth "github.com/arandu-io/hesape/auth"

	models "example.test/project/app/Models"
)

type retryAfterError interface {
	error
	Seconds() int
}

// showLogin renders the form.
func (m *Module) showLogin(w http.ResponseWriter, r *http.Request) {
	m.screen(w, r, "auth.login", AuthPage{Page: m.page(r, "Sign in")})
}

// doLogin validates the password without creating identity. A final session is
// written here only when no factor is enabled; otherwise a short pending cookie
// carries the attempt to TwoFactorController.
func (m *Module) doLogin(w http.ResponseWriter, r *http.Request) {
	email := strings.TrimSpace(r.PostFormValue("email"))
	password := r.PostFormValue("password")
	remember := r.PostFormValue("remember") != ""
	if email == "" || password == "" {
		errs := validation.Errors{}
		if email == "" {
			errs["email"] = []string{"type your email address"}
		}
		if password == "" {
			errs["password"] = []string{"type your password"}
		}
		m.rejected(w, r, email, remember, errs, http.StatusUnprocessableEntity)
		return
	}

	tenant := m.tenant(r)
	u, err := m.users.VerifyCredentials(r.Context(), tenant, email, password, middleware.KeyByIP(r))
	if err != nil {
		if errors.Is(err, nativeauth.ErrInvalidCredentials) {
			m.rejected(w, r, email, remember, validation.Errors{
				"email": {"invalid email or password"},
			}, http.StatusUnauthorized)
			return
		}
		var locked retryAfterError
		if errors.As(err, &locked) {
			w.Header().Set("Retry-After", strconv.Itoa(locked.Seconds()))
			m.rejected(w, r, email, remember, validation.Errors{
				"email": {fmt.Sprintf("too many attempts, try again in %d seconds", locked.Seconds())},
			}, http.StatusTooManyRequests)
			return
		}
		observability.Log(r.Context()).Error("login failed", "error", err)
		http.Error(w, "internal error", http.StatusInternalServerError)
		return
	}

	required, err := m.factors.Required(r.Context(), u.TenantID, u.ID)
	if err != nil {
		observability.Log(r.Context()).Error("checking the second factor", "error", err)
		http.Error(w, "internal error", http.StatusInternalServerError)
		return
	}
	if required {
		if err := m.writePending(w, u, remember); err != nil {
			observability.Log(r.Context()).Error("starting the second-factor challenge", "error", err)
			http.Error(w, "internal error", http.StatusInternalServerError)
			return
		}
		redirect(w, r, "/auth/two-factor/challenge")
		return
	}
	m.finishSignIn(w, r, u, remember)
}

// finishSignIn is the only session-creation seam in the published flow. It is
// called after password-only success or after a factor succeeds, never between.
func (m *Module) finishSignIn(w http.ResponseWriter, r *http.Request, u models.User, remember bool) {
	old := m.sessions.IDFromRequest(r)
	if _, err := m.sessions.Rotate(r.Context(), w, old, subjectOf(u), security.Remember(remember)); err != nil {
		observability.Log(r.Context()).Error("starting session", "error", err)
		http.Error(w, "internal error", http.StatusInternalServerError)
		return
	}
	m.clearPending(w)
	redirect(w, r, m.sessions.TakeIntended(w, r, "/"))
}

func subjectOf(u models.User) nativeauth.Subject {
	return nativeauth.Subject{ID: u.ID, Tenant: u.TenantID, Roles: u.Roles, Verified: u.Verified()}
}

// doLogout destroys the session on the server, not only in the browser.
func (m *Module) doLogout(w http.ResponseWriter, r *http.Request) {
	if err := m.sessions.Destroy(r.Context(), w, m.sessions.IDFromRequest(r)); err != nil {
		observability.Log(r.Context()).Error("destroying session", "error", err)
	}
	redirect(w, r, "/auth/login")
}

func redirect(w http.ResponseWriter, r *http.Request, to string) {
	fhttp.Redirect(w, r, to)
}

// rejected answers the form again, with the reason on it.
//
// Just the form under HTMX, and the whole screen without it -- Module.fragment
// makes that choice, and the two names it is given are what the address draws
// and what the one control on it draws. This used to name the screen alone: the
// form asks for its own markup back with hx-target="this", and what came was the
// document, so every rejected sign-in drew the header, the navigation and a
// second toaster inside the card.
//
// The token is reissued because the session id may have changed, and the email
// and the remember-me box are kept because retyping either after a rejection is
// the fastest way to make a login screen unpleasant -- and a box that quietly
// unticks itself is worse than an empty field, because nothing on screen says it
// happened. The password never comes back.
func (m *Module) rejected(w http.ResponseWriter, r *http.Request, email string, remember bool, errs validation.Errors, status int) {
	m.fragment(w, r, status, "auth.login", "partials.login_form", AuthPage{
		Page:          m.page(r, "Sign in"),
		Email:         email,
		Remember:      remember,
		EmailError:    first(errs["email"]),
		PasswordError: first(errs["password"]),
	})
}

// arandu:begin custom
// Your own handlers go here.
// arandu:end custom
