//go:build kyse

package auth

import (
	"github.com/arandu-io/kyse/components"

	authui "example.test/project/app/Http/Controllers/Auth"
)

@go
// LoginData is what the sign-in screen draws.
type LoginData = authui.AuthPage
@endgo

@extends('layouts.app')

@section('content')
	<div class="mx-auto w-full max-w-md">
		{{-- The one-shot message a redirect or another handler left behind: an
		     address just confirmed, a password just changed. It is above the card
		     because it is about what already happened, not about what to type. --}}
		@if(.Status != "")
			<div class="mb-6">
				{!! components.Alert(components.AlertProps{Title: .Status}) !!}
			</div>
		@endif

		<section class="card">
			<header class="border-b px-6 py-4">
				<h1 class="text-base font-semibold tracking-tight">Login</h1>
			</header>

			{{-- The form is a file of its own, and it is the one part of this
			     screen the server ever answers alone: a rejected sign-in comes
			     back as the form and nothing else, and htmx puts it where this
			     one is. @include hands over this page's data unchanged, so the
			     form reads the same struct whichever of the two drew it. --}}
			@include('partials.login_form')
		</section>
	</div>
@endsection
