package authui

import (
	"errors"
	"fmt"
	"net/http"
	"strconv"
	"strings"

	nativeauth "github.com/arandu-io/hesape/auth"
	hhttp "github.com/arandu-io/hesape/http"
	"github.com/arandu-io/hesape/log"
	hmiddleware "github.com/arandu-io/hesape/routing/middleware"
	"github.com/arandu-io/hesape/session"
	"github.com/arandu-io/hesape/validation"

	models "example.test/project/app/Models"
)

type retryAfterError interface {
	error
	Seconds() int
}

// showLogin renders the form.
//
// What an attempt that was turned away left behind -- the messages, the address
// that was typed, a notice from another screen -- is drawn by Module.screen from
// the flash. The box is the one field drawn by hand rather than by a component,
// so it is read here: a box that quietly unticks itself after a refused sign-in
// is worse than an empty field, because nothing on screen says it happened.
func (m *Module) showLogin(w http.ResponseWriter, r *http.Request) {
	m.screen(w, r, "auth.login", AuthPage{
		Page:     m.page(r, "Sign in"),
		Remember: hhttp.StateFrom(r.Context()).Old.Get("remember") != "",
	})
}

// doLogin validates the password without creating identity. A final session is
// written here only when no factor is enabled; otherwise a short pending cookie
// carries the attempt to TwoFactorController.
//
// A refused attempt is returned, never drawn. The router sends the person back
// to the form with the message and what was typed, minus the password; a reload
// of the page that follows asks for the form again rather than posting the
// password a second time.
func (m *Module) doLogin(ctx *hhttp.Context) error {
	w, r := ctx.Response, ctx.Request
	email := strings.TrimSpace(r.PostFormValue("email"))
	password := r.PostFormValue("password")
	remember := r.PostFormValue("remember") != ""
	if email == "" || password == "" {
		errs := validation.Errors{}
		if email == "" {
			errs["email"] = []string{"type your email address"}
		}
		if password == "" {
			errs["password"] = []string{"type your password"}
		}
		return errs
	}

	tenant := m.tenant(r)
	u, err := m.users.VerifyCredentials(r.Context(), tenant, email, password, hmiddleware.KeyByIP(r))
	if err != nil {
		if errors.Is(err, nativeauth.ErrInvalidCredentials) {
			return validation.Errors{"email": {"invalid email or password"}}
		}
		var locked retryAfterError
		if errors.As(err, &locked) {
			w.Header().Set("Retry-After", strconv.Itoa(locked.Seconds()))
			return validation.Errors{
				"email": {fmt.Sprintf("too many attempts, try again in %d seconds", locked.Seconds())},
			}
		}
		log.For(r.Context()).Error("login failed", "error", err)
		http.Error(w, "internal error", http.StatusInternalServerError)
		return nil
	}

	required, err := m.factors.Required(r.Context(), u.TenantID, u.ID)
	if err != nil {
		log.For(r.Context()).Error("checking the second factor", "error", err)
		http.Error(w, "internal error", http.StatusInternalServerError)
		return nil
	}
	if required {
		if err := m.writePending(w, u, remember); err != nil {
			log.For(r.Context()).Error("starting the second-factor challenge", "error", err)
			http.Error(w, "internal error", http.StatusInternalServerError)
			return nil
		}
		redirect(w, r, "/auth/two-factor/challenge")
		return nil
	}
	m.finishSignIn(w, r, u, remember)
	return nil
}

// finishSignIn is the only session-creation seam in the published flow. It is
// called after password-only success or after a factor succeeds, never between.
func (m *Module) finishSignIn(w http.ResponseWriter, r *http.Request, u models.User, remember bool) {
	old := m.sessions.IDFromRequest(r)
	if _, err := m.sessions.Rotate(r.Context(), w, old, subjectOf(u), session.Remember(remember)); err != nil {
		log.For(r.Context()).Error("starting session", "error", err)
		http.Error(w, "internal error", http.StatusInternalServerError)
		return
	}
	m.clearPending(w)
	redirect(w, r, m.sessions.TakeIntended(w, r, "/"))
}

func subjectOf(u models.User) nativeauth.Subject {
	return nativeauth.Subject{ID: u.ID, Tenant: u.TenantID, Roles: u.Roles, Verified: u.Verified()}
}

// doLogout destroys the session on the server, not only in the browser.
func (m *Module) doLogout(w http.ResponseWriter, r *http.Request) {
	if err := m.sessions.Destroy(r.Context(), w, m.sessions.IDFromRequest(r)); err != nil {
		log.For(r.Context()).Error("destroying session", "error", err)
	}
	redirect(w, r, "/auth/login")
}

// redirect answers HX-Redirect under htmx and a 303 with a Location otherwise.
func redirect(w http.ResponseWriter, r *http.Request, to string) {
	hhttp.Redirect(w, r, to)
}

// arandu:begin custom
// Your own handlers go here.
// arandu:end custom
