// Package authui holds the authentication screens
// published into this application. The domain and schema stay in app/.
package authui

import (
	"context"
	stdhttp "net/http"

	fhttp "github.com/arandu-io/framework/http"
	"github.com/arandu-io/framework/http/middleware"
	"github.com/arandu-io/framework/kernel"
	"github.com/arandu-io/framework/mail"
	"github.com/arandu-io/framework/security"
	twofactor "github.com/arandu-io/hesape/2fa"
	nativeauth "github.com/arandu-io/hesape/auth"
	"github.com/arandu-io/hesape/encryption"
	"github.com/arandu-io/hesape/onetime"

	models "example.test/project/app/Models"
)

// TenantResolver decides which application tenant owns a guest request.
type TenantResolver func(*stdhttp.Request) string

// FixedTenant returns the resolver for an application with one configured
// tenant. It is the same request path with a constant, not a second mode.
func FixedTenant(tenant string) TenantResolver {
	return func(*stdhttp.Request) string { return tenant }
}

// UserNames is the smallest account view the shared page chrome needs.
type UserNames interface {
	PublicNames(context.Context, nativeauth.Subject, []string) (map[string]string, error)
}

// Users is the application-owned authentication interface consumed by these
// controllers. Its implementation owns policies, Model queries and writes.
type Users interface {
	UserNames
	VerifyCredentials(context.Context, string, string, string, string) (models.User, error)
	Register(context.Context, string, string, string, string) (models.User, error)
	FindForAuthentication(context.Context, string, string) (models.User, error)
	Lookup(context.Context, string, string) (models.User, error)
	MarkVerified(context.Context, string, string, string) (models.User, bool, error)
	ResetPassword(context.Context, string, string, string, string, string) (models.User, error)
	ConfirmPassword(context.Context, nativeauth.Subject, string, string) error
}

// Factors is the application-owned second-factor interface. Hesape supplies
// the algorithms and contracts; the application supplies policy and storage.
type Factors interface {
	Required(context.Context, string, string) (bool, error)
	Begin(context.Context, nativeauth.Subject, string) (twofactor.Provisioning, error)
	Confirm(context.Context, nativeauth.Subject, string) ([]string, error)
	Disable(context.Context, nativeauth.Subject) error
	RegenerateRecoveryCodes(context.Context, nativeauth.Subject) ([]string, error)
	VerifyAuthenticator(context.Context, string, string, string) error
	ConsumeRecovery(context.Context, string, string, string) error
}

// Module registers application-owned authentication screens and no schema.
type Module struct {
	users    Users
	factors  Factors
	codes    onetime.CodeStore
	sessions *security.SessionStore
	csrf     *security.CSRF
	mailer   *mail.Mailer
	signer   *encryption.Signer
	appName  string
	tenant   TenantResolver
	secure   bool
}

// New returns the authentication screen module.
func New(users Users, factors Factors, codes onetime.CodeStore, sessions *security.SessionStore, csrf *security.CSRF, mailer *mail.Mailer, appKey []byte, appName string, tenant TenantResolver, secure bool) *Module {
	if tenant == nil {
		tenant = FixedTenant("")
	}
	return &Module{
		users: users, factors: factors, codes: codes, sessions: sessions,
		csrf: csrf, mailer: mailer, signer: encryption.NewSigner(appKey),
		appName: appName, tenant: tenant, secure: secure,
	}
}

var _ kernel.Module = (*Module)(nil)

// Name is the module identifier.
func (m *Module) Name() string { return "authui" }

// Routes registers the twenty-three authentication routes.
func (m *Module) Routes(r *fhttp.Router) {
	g := r.Group("/auth")
	guest := middleware.RedirectIfAuthenticated(m.sessions, "/")
	signedIn := middleware.RequireAuth(m.sessions)
	confirmed := middleware.RequireConfirmedPassword(m.sessions)

	g.Get("/login", m.showLogin, guest).Name("auth.login")
	g.Post("/login", m.doLogin, guest)
	g.Post("/logout", m.doLogout).Name("auth.logout")

	g.Get("/password", m.showPasswordRequest).Name("auth.password.request")
	g.Post("/password/email", m.sendPasswordCode).Name("auth.password.email")
	g.Get("/password/reset", m.showPasswordReset).Name("auth.password.reset")
	g.Post("/password/update", m.updatePassword).Name("auth.password.update")
	g.Get("/password/confirm", m.showPasswordConfirm, signedIn).Name("auth.password.confirm")
	g.Post("/password/confirm", m.confirmPassword, signedIn)

	g.Get("/register", m.showRegister, guest).Name("auth.register")
	g.Post("/register", m.doRegister, guest)
	g.Get("/verify", m.showVerifyNotice).Name("auth.verify.notice")
	g.Post("/verify/confirm", m.verify).Name("auth.verify.confirm")
	g.Post("/verify/resend", m.resendVerification).Name("auth.verify.resend")

	g.Get("/two-factor/challenge", m.showTwoFactorChallenge, guest).Name("auth.two-factor.challenge")
	g.Post("/two-factor/challenge", m.verifyTwoFactorChallenge, guest)
	g.Get("/two-factor/recovery", m.showRecoveryChallenge, guest).Name("auth.two-factor.recovery")
	g.Post("/two-factor/recovery", m.verifyRecoveryChallenge, guest)
	g.Get("/two-factor/setup", m.showTwoFactorSetup, signedIn, confirmed).Name("auth.two-factor.setup")
	g.Post("/two-factor/setup", m.beginTwoFactorSetup, signedIn, confirmed)
	g.Post("/two-factor/setup/confirm", m.confirmTwoFactorSetup, signedIn, confirmed).Name("auth.two-factor.setup.confirm")
	g.Post("/two-factor/disable", m.disableTwoFactor, signedIn, confirmed).Name("auth.two-factor.disable")
	g.Post("/two-factor/recovery-codes", m.regenerateRecoveryCodes, signedIn, confirmed).Name("auth.two-factor.recovery-codes")

	// arandu:begin custom
	// Register application-specific authentication routes here.
	// arandu:end custom
}
