//go:build kyse

// Package partials holds the parts of a screen the server answers on their own.
//
// A file here draws exactly its own markup and no layout around it, which is
// what lets it be swapped into the middle of a page that is already on screen.
// A file that draws a whole document belongs beside the screens instead.
//
// # Where state lives
//
// On the server, and the answer to a request is what says so. A handler reads
// the form, decides, and writes markup that is already correct -- so there is no
// second copy of the truth in the browser to keep in step, and nothing to
// reconcile when the two disagree.
//
// An hx- attribute holds no state. It says where to ask (hx-post), what to
// replace (hx-target) and how (hx-swap), and that is a routing decision about
// the DOM: nothing reads a value back out of one to decide anything.
//
// The browser owns what dies with the tab and the server never needs to hear
// about -- a disclosure that is open, a field that has focus. There is no client
// framework here to hold it: the policy is script-src 'self' with no
// unsafe-eval, so anything that compiles a directive from a string throws before
// it runs. What needs that shape is written with <details>, :focus-within or a
// checkbox; what does not fit is an endpoint.
//
// A form value is not client state. The address still in the box after a
// rejected sign-in came back from the server in the answer below.
package partials

import (
	"github.com/arandu-io/kyse/components"

	authui "example.test/project/app/Http/Controllers/Auth"
)

@go
// LoginFormData is what the sign-in form draws.
//
// It is the sign-in screen's own struct: @include hands the page's data
// straight through, and the handler that answers this form alone fills the same
// one.
type LoginFormData = authui.AuthPage
@endgo

{{-- One element, and deliberately: hx-swap="outerHTML" replaces the target with
     everything this file draws, so a second top-level element here would land
     beside the form rather than inside it.

     method="post" and action are the path with scripts off. htmx never reaches
     them, and without them a browser that is not running it has nothing to
     submit. --}}
<form class="flex flex-col gap-4 px-6 py-6" method="post" action="{{ .LoginURL }}"
	hx-post="{{ .LoginURL }}" hx-target="this" hx-swap="outerHTML">
	@csrf

	{!! components.Field(components.FieldProps{
		Name: "email", Label: "Email", Type: "email",
		Value: .Email, Page: .,
		Autocomplete: "username", Required: true, Autofocus: true,
	}) !!}

	{!! components.Field(components.FieldProps{
		Name: "password", Label: "Password", Type: "password",
		Page: .,
		Autocomplete: "current-password", Required: true,
	}) !!}

	<label class="flex items-center gap-2 text-sm">
		{{-- checked is a presence attribute: a browser reads the box as ticked
		     whether the value is "true", "false" or empty, so what is conditional
		     is the attribute and not its value. @if writes the whole attribute or
		     none of it, which is how every other boolean attribute in a kyse view
		     is drawn. --}}
		<input
			class="input"
			type="checkbox"
			name="remember"
			value="1"
			@if(.Remember)
				checked
			@endif
		>
		Remember me
	</label>

	<div class="flex items-center justify-between gap-3">
		<button type="submit" class="btn">Login</button>
		@if(.HasPasswordReset)
			<a class="text-muted-foreground text-sm hover:underline" href="{{ .PasswordRequestURL }}">Forgot your password?</a>
		@endif
	</div>
</form>
