package authui

import (
	"encoding/json"
	"html/template"
	"log/slog"

	"github.com/arandu-io/hesape/view"
	"github.com/arandu-io/kyse/components"
)

// AuthPage is what every screen of the starter kit renders from.
//
// One struct for the thirteen screens rather than one per page: they share a layout
// and a shape, and a field a given screen does not use stays at its zero value
// and is never read. That is cheaper than thirteen structs repeating the same form
// state, and it is why each view names this one in a single line.
//
// The chrome is not repeated here at all: the embedded view.Page carries the
// title, the description, the canonical URL, the token and the navigation, and
// is what makes this struct satisfy view.Layout.
//
// Nothing here is a helper a view reaches for on its own. There is no route(),
// no config() and no auth(): a URL, the application name and the signed-in
// person are fields the handler filled in, so a name that drifts is a compile
// error instead of a blank link -- and a form can never carry another session's
// token under load.
//
// # Which side of a swap a field is on
//
// The form under resources/views/partials/ renders from this same struct:
// @include hands the page's data through unchanged, so both the screen and the
// one part of it that is answered alone read these fields. Nothing in the type
// separates them, and the two are not refreshed together -- what the form draws
// is replaced when the form is swapped, and what only the screen around it
// draws is not redrawn at all.
//
// It decides what a handler may fill. Answering the form alone with a field
// only the screen draws sends the value inside a response whose other half the
// browser discards: the right status, the right markup in the hole, and a
// sentence nobody ever reads. Fill what the form draws, or answer the screen.
type AuthPage struct {
	view.Page

	// HasPasswordReset moves the "is this route registered" question to the
	// data: an application that did not register that route hides the link
	// rather than linking to a 404.
	HasPasswordReset bool

	// WithoutPasswordBox and WithoutConfirmationBox switch the sign-up form's
	// two password inputs off. They come from the registration handler's own
	// setting and from nothing a request carries.
	//
	// They are here rather than in the view because the handler validates
	// against the same value: a box the screen does not draw is not one the
	// handler requires. Read the other way round, a rule applied to an input
	// nobody can see rejects every submission and points at a field that is not
	// on the page.
	//
	// Stored as the negative, and that is the part worth keeping. This file is
	// replaced on every publish and the registration handler is not, so a
	// publish of the screens alone writes a new sign-up form beside a handler
	// that predates the setting and fills neither field. What that project has
	// to get is the form it had -- and false means the box is drawn, so it
	// does. The positive spelling would have made the same republish quietly
	// stop asking for a password.
	WithoutPasswordBox     bool
	WithoutConfirmationBox bool

	// The addresses these screens post to and link to, beyond the navigation
	// view.Page already carries. They come from the router, through the handler.
	DashboardURL             string
	PasswordRequestURL       string
	PasswordEmailURL         string
	PasswordUpdateURL        string
	PasswordConfirmURL       string
	VerificationConfirmURL   string
	VerificationResendURL    string
	TwoFactorChallengeURL    string
	TwoFactorRecoveryURL     string
	TwoFactorSetupURL        string
	TwoFactorSetupConfirmURL string
	TwoFactorDisableURL      string
	RecoveryCodesURL         string

	// Status is the one-shot message a redirect left behind, such as the
	// confirmation that a reset code was sent. Empty means nothing to say.
	Status string
	// Resent says a fresh verification code just went out.
	Resent bool

	// Name, Email and Remember are what the person typed on the attempt that
	// was rejected. The password is deliberately absent: it is never sent back.
	Name     string
	Email    string
	Remember bool

	// Provisioning material is rendered once and deliberately omitted from
	// MarshalJSON and LogValue.
	QRCodeSVG         string
	SecretKey         string
	RecoveryCodesText string

	// The validation messages, one field at a time. Empty means the field was
	// accepted -- there is no @error directive to ask a bag on the side.
	NameError                 string
	EmailError                string
	EmailCodeError            string
	AuthenticatorCodeError    string
	RecoveryCodeError         string
	PasswordError             string
	PasswordConfirmationError string
}

// Compile-time proof that these screens fit the layout, and that a component
// can ask them about a field.
var (
	_ view.Layout     = AuthPage{}
	_ components.Page = AuthPage{}
)

// FieldError answers the question a kyse component asks about an input.
//
// components.FieldProps carries the page and the field name, and asks; it does
// not carry the message as a third prop, because that meant writing the field
// name twice in one call and the two could disagree without anything saying so.
// See the doc comment on components.FieldProps for the whole of that argument.
//
// These screens keep the messages in named fields rather than in the map
// view.Page carries, because a typed field is one the compiler checks: a
// handler that sets PasswordConfirmatonError does not build, where a map key
// spelt the same way is simply never read. This method is the seam between the
// two -- the fields stay the source, and the components see one interface.
//
// A name with no field of its own falls through to view.Page, which is where a
// message put in the map by anything generic would be.
func (p AuthPage) FieldError(name string) string {
	switch name {
	case "name":
		return p.NameError
	case "email":
		return p.EmailError
	case "email_code":
		return p.EmailCodeError
	case "authenticator_code":
		return p.AuthenticatorCodeError
	case "recovery_code":
		return p.RecoveryCodeError
	case "password":
		return p.PasswordError
	case "password_confirmation":
		return p.PasswordConfirmationError
	}
	return p.Page.First(name)
}

// AsksForPassword reports whether the sign-up form draws a password box.
//
// The screen asks this rather than reading the field, so that the field can be
// the negative and the zero value of this struct can be the form that asks.
func (p AuthPage) AsksForPassword() bool { return !p.WithoutPasswordBox }

// AsksForPasswordConfirmation reports whether it draws a second one.
func (p AuthPage) AsksForPasswordConfirmation() bool { return !p.WithoutConfirmationBox }

// TrustedQRCode marks the SVG produced by hesape/qr as trusted markup. The
// two-factor handler reaches this boundary only after qr.Encode and Code.SVG
// produce the validated document; arbitrary strings must remain escaped.
func TrustedQRCode(svg string) template.HTML { return template.HTML(svg) }

// redacted is what a secret looks like once it has left this package.
//
// The value never appears. Whether there was one does: an empty string stays
// empty, and anything else becomes the marker. A secret that simply vanished
// from the output would read exactly like a field nobody filled in, and "the
// form posted an empty token" is the failure these pages are dumped to find.
func redacted(secret string) string {
	if secret == "" {
		return ""
	}
	return "[redacted]"
}

// MarshalJSON keeps the CSRF token and two-factor provisioning material out of
// anything that serializes the page.
//
// It names the fields that may leave, rather than the ones that may not. A
// field added to the struct later does not appear until it is named here, which
// is the direction that cannot leak by accident -- the reverse spelling grows a
// hole every time somebody adds a field and does not think about this method.
//
// The CSRF token carries a marker; provisioning material is omitted entirely.
func (p AuthPage) MarshalJSON() ([]byte, error) {
	return json.Marshal(struct {
		Title         string
		AppName       string
		Path          string
		Authenticated bool
		UserName      string
		Token         string

		HasPasswordReset         bool
		DashboardURL             string
		PasswordRequestURL       string
		PasswordEmailURL         string
		PasswordUpdateURL        string
		PasswordConfirmURL       string
		VerificationConfirmURL   string
		VerificationResendURL    string
		TwoFactorChallengeURL    string
		TwoFactorRecoveryURL     string
		TwoFactorSetupURL        string
		TwoFactorSetupConfirmURL string
		TwoFactorDisableURL      string
		RecoveryCodesURL         string

		Status   string
		Resent   bool
		Name     string
		Email    string
		Remember bool

		NameError                 string
		EmailError                string
		EmailCodeError            string
		AuthenticatorCodeError    string
		RecoveryCodeError         string
		PasswordError             string
		PasswordConfirmationError string
	}{
		Title:         p.Page.Title,
		AppName:       p.Page.AppName,
		Path:          p.Page.Path,
		Authenticated: p.Page.Authenticated,
		UserName:      p.Page.UserName,
		Token:         redacted(p.Page.Token),

		HasPasswordReset:         p.HasPasswordReset,
		DashboardURL:             p.DashboardURL,
		PasswordRequestURL:       p.PasswordRequestURL,
		PasswordEmailURL:         p.PasswordEmailURL,
		PasswordUpdateURL:        p.PasswordUpdateURL,
		PasswordConfirmURL:       p.PasswordConfirmURL,
		VerificationConfirmURL:   p.VerificationConfirmURL,
		VerificationResendURL:    p.VerificationResendURL,
		TwoFactorChallengeURL:    p.TwoFactorChallengeURL,
		TwoFactorRecoveryURL:     p.TwoFactorRecoveryURL,
		TwoFactorSetupURL:        p.TwoFactorSetupURL,
		TwoFactorSetupConfirmURL: p.TwoFactorSetupConfirmURL,
		TwoFactorDisableURL:      p.TwoFactorDisableURL,
		RecoveryCodesURL:         p.RecoveryCodesURL,

		Status:   p.Status,
		Resent:   p.Resent,
		Name:     p.Name,
		Email:    p.Email,
		Remember: p.Remember,

		NameError:                 p.NameError,
		EmailError:                p.EmailError,
		EmailCodeError:            p.EmailCodeError,
		AuthenticatorCodeError:    p.AuthenticatorCodeError,
		RecoveryCodeError:         p.RecoveryCodeError,
		PasswordError:             p.PasswordError,
		PasswordConfirmationError: p.PasswordConfirmationError,
	})
}

// LogValue implements slog.LogValuer, so a log line handed the whole page
// records which screen it was and nothing else.
//
// Shorter than MarshalJSON on purpose. A log line is shipped to an aggregator
// and kept, and the address somebody typed into a sign-in form is not something
// to keep there; the debug page is one request, on one laptop, in development.
func (p AuthPage) LogValue() slog.Value {
	return slog.GroupValue(
		slog.String("path", p.Page.Path),
		slog.String("title", p.Page.Title),
		slog.Bool("authenticated", p.Page.Authenticated),
	)
}
