package authui

import (
	"encoding/json"
	"log/slog"

	"github.com/arandu-io/hesape/view"
	"github.com/arandu-io/kyse/components"
)

// AuthPage is what every screen of the starter kit renders from.
//
// One struct for the nine screens rather than one per page: they share a layout
// and a shape, and a field a given screen does not use stays at its zero value
// and is never read. That is cheaper than nine structs repeating the same form
// state, and it is why each view names this one in a single line.
//
// The chrome is not repeated here at all: the embedded view.Page carries the
// title, the description, the canonical URL, the token and the navigation, and
// is what makes this struct satisfy view.Layout.
//
// Nothing here is a helper a view reaches for on its own. There is no route(),
// no config() and no auth(): a URL, the application name and the signed-in
// person are fields the handler filled in, so a name that drifts is a compile
// error instead of a blank link -- and a form can never carry another session's
// token under load.
//
// # Which side of a swap a field is on
//
// The form under resources/views/partials/ renders from this same struct:
// @include hands the page's data through unchanged, so both the screen and the
// one part of it that is answered alone read these fields. Nothing in the type
// separates them, and the two are not refreshed together -- what the form draws
// is replaced when the form is swapped, and what only the screen around it
// draws is not redrawn at all.
//
// It decides what a handler may fill. Answering the form alone with a field
// only the screen draws sends the value inside a response whose other half the
// browser discards: the right status, the right markup in the hole, and a
// sentence nobody ever reads. Fill what the form draws, or answer the screen.
type AuthPage struct {
	view.Page

	// HasPasswordReset moves the "is this route registered" question to the
	// data: an application that did not register that route hides the link
	// rather than linking to a 404.
	HasPasswordReset bool

	// The addresses these screens post to and link to, beyond the navigation
	// view.Page already carries. They come from the router, through the handler.
	DashboardURL          string
	PasswordRequestURL    string
	PasswordEmailURL      string
	PasswordUpdateURL     string
	PasswordConfirmURL    string
	VerificationResendURL string

	// Status is the one-shot message a redirect left behind, such as the
	// confirmation that a reset link was sent. Empty means nothing to say.
	Status string
	// Resent says a fresh verification link just went out.
	Resent bool

	// Name, Email and Remember are what the person typed on the attempt that
	// was rejected. The password is deliberately absent: it is never sent back.
	Name     string
	Email    string
	Remember bool

	// ResetToken is the one-time token carried by the link in the reset email.
	ResetToken string

	// The validation messages, one field at a time. Empty means the field was
	// accepted -- there is no @error directive to ask a bag on the side.
	NameError                 string
	EmailError                string
	PasswordError             string
	PasswordConfirmationError string
}

// Compile-time proof that these screens fit the layout, and that a component
// can ask them about a field.
var (
	_ view.Layout     = AuthPage{}
	_ components.Page = AuthPage{}
)

// FieldError answers the question a kyse component asks about an input.
//
// components.FieldProps carries the page and the field name, and asks; it does
// not carry the message as a third prop, because that meant writing the field
// name twice in one call and the two could disagree without anything saying so.
// See the doc comment on components.FieldProps for the whole of that argument.
//
// These screens keep the messages in named fields rather than in the map
// view.Page carries, because a typed field is one the compiler checks: a
// handler that sets PasswordConfirmatonError does not build, where a map key
// spelt the same way is simply never read. This method is the seam between the
// two -- the fields stay the source, and the components see one interface.
//
// A name with no field of its own falls through to view.Page, which is where a
// message put in the map by anything generic would be.
func (p AuthPage) FieldError(name string) string {
	switch name {
	case "name":
		return p.NameError
	case "email":
		return p.EmailError
	case "password":
		return p.PasswordError
	case "password_confirmation":
		return p.PasswordConfirmationError
	}
	return p.Page.First(name)
}

// redacted is what a secret looks like once it has left this package.
//
// The value never appears. Whether there was one does: an empty string stays
// empty, and anything else becomes the marker. A secret that simply vanished
// from the output would read exactly like a field nobody filled in, and "the
// form posted an empty token" is the failure these pages are dumped to find.
func redacted(secret string) string {
	if secret == "" {
		return ""
	}
	return "[redacted]"
}

// MarshalJSON keeps the two tokens this page carries out of anything that
// serializes it. Without it a single observability.Dump(ctx, "page", data)
// publishes the password reset token on the debug page, and whoever reads it
// there can set that account's password.
//
// It names the fields that may leave, rather than the ones that may not. A
// field added to the struct later does not appear until it is named here, which
// is the direction that cannot leak by accident -- the reverse spelling grows a
// hole every time somebody adds a field and does not think about this method.
//
// The two tokens are named, and carry the marker instead of the value, so a
// dump still answers whether they were filled in. See redacted.
func (p AuthPage) MarshalJSON() ([]byte, error) {
	return json.Marshal(struct {
		Title         string
		AppName       string
		Path          string
		Authenticated bool
		UserName      string
		Token         string

		HasPasswordReset      bool
		DashboardURL          string
		PasswordRequestURL    string
		PasswordEmailURL      string
		PasswordUpdateURL     string
		PasswordConfirmURL    string
		VerificationResendURL string

		Status   string
		Resent   bool
		Name     string
		Email    string
		Remember bool

		ResetToken string

		NameError                 string
		EmailError                string
		PasswordError             string
		PasswordConfirmationError string
	}{
		Title:         p.Page.Title,
		AppName:       p.Page.AppName,
		Path:          p.Page.Path,
		Authenticated: p.Page.Authenticated,
		UserName:      p.Page.UserName,
		Token:         redacted(p.Page.Token),

		HasPasswordReset:      p.HasPasswordReset,
		DashboardURL:          p.DashboardURL,
		PasswordRequestURL:    p.PasswordRequestURL,
		PasswordEmailURL:      p.PasswordEmailURL,
		PasswordUpdateURL:     p.PasswordUpdateURL,
		PasswordConfirmURL:    p.PasswordConfirmURL,
		VerificationResendURL: p.VerificationResendURL,

		Status:   p.Status,
		Resent:   p.Resent,
		Name:     p.Name,
		Email:    p.Email,
		Remember: p.Remember,

		ResetToken: redacted(p.ResetToken),

		NameError:                 p.NameError,
		EmailError:                p.EmailError,
		PasswordError:             p.PasswordError,
		PasswordConfirmationError: p.PasswordConfirmationError,
	})
}

// LogValue implements slog.LogValuer, so a log line handed the whole page
// records which screen it was and nothing else.
//
// Shorter than MarshalJSON on purpose. A log line is shipped to an aggregator
// and kept, and the address somebody typed into a sign-in form is not something
// to keep there; the debug page is one request, on one laptop, in development.
func (p AuthPage) LogValue() slog.Value {
	return slog.GroupValue(
		slog.String("path", p.Page.Path),
		slog.String("title", p.Page.Title),
		slog.Bool("authenticated", p.Page.Authenticated),
	)
}
