package authui

import (
	"errors"
	"fmt"
	"net/http"
	"strconv"
	"strings"
	"time"

	"github.com/arandu-io/framework/http/middleware"
	"github.com/arandu-io/framework/modules/auth"
	"github.com/arandu-io/framework/observability"
	"github.com/arandu-io/framework/security"

	appmail "example.test/project/app/Mail"
)

// The password screens: forgetting one, choosing a new one, and typing the
// current one again before something that matters.
//
// The kit publishes the three and stops there, on purpose (ADR 0022): the
// handlers write to your users table, send through your mailer and decide your
// rules, so they are the application's. This is that application's.
//
// # The link is signed, and stored nowhere
//
// This used to be a package-level map of hashed tokens, and it said of itself
// that it was right for one instance and wrong for two. It was worse than that.
// A restart threw away every link in flight; behind a load balancer a link only
// worked on the replica that issued it; every address anybody typed inserted an
// entry that left only when that exact token was presented, so nothing swept
// what nobody clicked; and asking twice left two live links.
//
// What replaced it is what ADR 0032 already described. The token carries the
// tenant, the account, the address it was mailed to and a fingerprint of the
// password the account had when it was minted (auth.ResetPayload), signed with
// the application key (security.Signer). Nothing is written when the mail goes
// out. The fingerprint is what makes it single use without a row to delete:
// changing the password changes the hash, so the link that was just used and
// every earlier one stop verifying at the same instant.
//
// The purpose is part of the signature, so a verification link is not a reset
// link even though the same key signed both.
//
// # Why the answer is always the same
//
// Asking for a link answers with the same message whether the address is
// registered or not. The alternative is an oracle: a form that says "no such
// account" confirms which addresses exist, one request at a time. The account is
// looked up before anything is sent -- it used to mail whatever was typed, which
// made this endpoint a way to send mail from this application's domain, to an
// address of the caller's choosing, as often as they asked.

// resetPurpose scopes the signature. Changing this string invalidates every link
// already in an inbox, which is the correct behaviour for a change of meaning
// and a nuisance for a rename -- so it does not get renamed.
const resetPurpose = "password-reset"

// resetTTL is how long a link works. Long enough to reach an inbox and read it,
// short enough that a link forwarded by accident has usually expired.
const resetTTL = time.Hour

// linkSent is the one sentence this form answers with.
//
// A constant, and read from here by both branches, because the anti-enumeration
// property is that the two answers are the same bytes -- and two string literals
// a hundred lines apart are two answers that drift the first time one of them is
// reworded.
const linkSent = "If that address is registered, a link is on its way."

// showPasswordRequest draws the "send me a link" form.
func (m *Module) showPasswordRequest(w http.ResponseWriter, r *http.Request) {
	m.screen(w, r, "auth.passwords.email", AuthPage{Page: m.page(r, "Reset your password")})
}

// sendPasswordLink looks the account up, and mails a signed link if there is one.
//
// The lookup is auth.Service.FindForReset, which takes a unit of the throttle's
// budget before it reads the users table. That is the same throttle the sign-in
// screen is behind and not a second counter (RULE 9), keyed apart from it for one
// reason: somebody who has just got their password wrong five times is exactly
// the person who clicks this, and a shared count would refuse them the recovery
// at the one moment they want it.
func (m *Module) sendPasswordLink(w http.ResponseWriter, r *http.Request) {
	email := strings.TrimSpace(r.PostFormValue("email"))

	u, err := m.auth.FindForReset(r.Context(), m.tenant(r), email, middleware.KeyByIP(r))

	var locked auth.TooManyAttemptsError
	switch {
	case err == nil:
		m.sendPasswordReset(r, u)

	case errors.Is(err, auth.ErrUserNotFound):
		// Nothing is sent, and the answer below is the one a registered address
		// gets, to the byte. This branch exists to be empty.

	case errors.As(err, &locked):
		// The lockout is decided before the users table is read, so this answer
		// is the same for an address that is registered and one that never was.
		// Saying how long is what stops somebody pressing the button four more
		// times, and each press is a message this application would have sent.
		w.Header().Set("Retry-After", strconv.Itoa(locked.Seconds()))
		m.screenStatus(w, r, http.StatusTooManyRequests, "auth.passwords.email", AuthPage{
			Page:       m.page(r, "Reset your password"),
			Email:      email,
			EmailError: fmt.Sprintf("too many requests, try again in %d seconds", locked.Seconds()),
		})
		return

	default:
		// An outage. Logged, and answered with the same sentence as everything
		// else: a different answer here would say "this address is worth an error
		// message", which is one bit more than the person needs and one bit more
		// than an attacker had.
		observability.Log(r.Context()).Error("looking up the account to reset", "error", err)
	}

	m.screen(w, r, "auth.passwords.email", AuthPage{
		Page:   m.page(r, "Reset your password"),
		Status: linkSent,
	})
}

// sendPasswordReset signs a link for this account and mails it.
//
// A failure is logged and not returned to the caller, and that is the same
// decision sendVerification makes for the opposite-looking reason: telling the
// person that sending failed tells them the address is registered, which is the
// oracle this whole screen is written to avoid.
func (m *Module) sendPasswordReset(r *http.Request, u auth.User) {
	token := m.signer.Sign(resetPurpose, auth.ResetPayload(u), resetTTL)

	// The origin comes from configuration and never from the Host header: a link
	// built from what the client sent is a link the client chose the destination
	// of, delivered by us, to the address of somebody who trusts us.
	link := m.base + "/auth/password/reset?token=" + token

	// Sent, not printed. Which transport carries it is configuration: in
	// development it is the log transport, so the link still ends up somewhere
	// you can read it -- and the code path is the same one production takes,
	// rather than a branch that only runs on a laptop.
	if err := m.mailer.ToAddress(mailAddress(u)).Send(r.Context(), appmail.PasswordReset{
		Name:      firstWord(u.Name),
		Link:      link,
		BrandName: m.appName,
	}); err != nil {
		observability.Log(r.Context()).Error("sending the password reset", "error", err)
	}
}

// showPasswordReset draws the new-password form, carrying the token and the
// address the link was minted for.
//
// The address is filled in here because the form asks for it and marks it
// Required. It was neither filled in nor read, which made the one field somebody
// had to type on a form reached from their own inbox pure decoration.
func (m *Module) showPasswordReset(w http.ResponseWriter, r *http.Request) {
	token := r.URL.Query().Get("token")

	payload, err := m.signer.Verify(resetPurpose, token)
	if err != nil {
		m.askForAnotherLink(w, r, err)
		return
	}

	m.screen(w, r, "auth.passwords.reset", AuthPage{
		Page:       m.page(r, "Choose a new password"),
		ResetToken: token,
		Email:      auth.ResetAddress(payload),
	})
}

// updatePassword checks everything, then changes the password.
//
// The order is the whole point. This used to consume the token first, so a
// password two characters too short burned the link -- and the form it re-drew
// handed back a token that no longer existed, which reads as the application
// losing the reset rather than as a rule about length. Nothing is consumed until
// the input is known to be acceptable.
func (m *Module) updatePassword(w http.ResponseWriter, r *http.Request) {
	token := r.PostFormValue("token")
	email := strings.TrimSpace(r.PostFormValue("email"))
	password := r.PostFormValue("password")
	confirmation := r.PostFormValue("password_confirmation")

	if password != confirmation {
		m.rejectedReset(w, r, token, email, "", "the two passwords do not match")
		return
	}
	// The length rule, here and not in the service: how long a password has to
	// be is a decision about this application, and a framework that made it would
	// be making it for everybody.
	if len([]rune(password)) < security.MinPasswordLen {
		m.rejectedReset(w, r, token, email,
			fmt.Sprintf("must be at least %d characters", security.MinPasswordLen), "")
		return
	}

	payload, err := m.signer.Verify(resetPurpose, token)
	if err != nil {
		m.askForAnotherLink(w, r, err)
		return
	}

	// The tenant is not passed and must not be: it is inside the payload, signed.
	// Resolving it from the host at this point is what let a link minted for one
	// customer change the password of the account with that address at another
	// (RULE 14).
	u, err := m.auth.ResetPassword(r.Context(), payload, email, password)
	if err != nil {
		if errors.Is(err, auth.ErrResetLinkSpent) {
			m.askForAnotherLink(w, r, err)
			return
		}
		observability.Log(r.Context()).Error("writing the new password", "error", err)
		m.rejectedReset(w, r, token, email, "that did not work. Try again in a moment", "")
		return
	}

	// Every other session of that account ends here, and the empty keepID is
	// deliberate: there is no session on this request to keep, and the one that
	// must stop working belongs to whoever forced the reset. A reset that leaves
	// the other sessions signed in leaves that person signed in.
	//
	// A failure is logged and not shown. The password is already changed, and
	// answering with an error would send somebody to reset it again.
	if err := m.sessions.DestroyOthers(r.Context(), auth.SubjectOf(u), ""); err != nil {
		observability.Log(r.Context()).Error("signing the account's other sessions out", "error", err)
	}

	// It does NOT open a session, and Laravel's does. The link arrives in an
	// inbox: signing somebody in on the strength of it hands the account to
	// whoever else can read that mailbox, or read the message once it has been
	// forwarded -- and having just ended every other session, opening one from a
	// mail link would be the only session left and the least proven. It is the
	// same decision the verification link makes (ADR 0032). The cost is one form.
	m.screen(w, r, "auth.login", AuthPage{
		Page:   m.page(r, "Sign in"),
		Email:  u.Email,
		Status: "Your password has been changed. Sign in with it.",
	})
}

// rejectedReset re-renders the new-password form with the token and the address
// still on it.
//
// Both are carried back because neither is what was wrong: a form that drops the
// token on a rejected password is a form that cannot be submitted a second time,
// and the person's only way out is to ask for another link.
func (m *Module) rejectedReset(w http.ResponseWriter, r *http.Request, token, email, passwordError, confirmationError string) {
	m.screenStatus(w, r, http.StatusUnprocessableEntity, "auth.passwords.reset", AuthPage{
		Page:       m.page(r, "Choose a new password"),
		ResetToken: token,
		Email:      email,

		PasswordError:             passwordError,
		PasswordConfirmationError: confirmationError,
	})
}

// askForAnotherLink is the answer to every link that is not going to work.
//
// One answer for five refusals -- forged, expired, already used, minted for
// another address, for an account that is gone -- because the person can do
// exactly one thing about all of them, and because five distinct sentences are
// five facts about somebody's account handed to whoever is holding a link they
// should not have. Only the expiry is named, because that one is a different
// action: it says the link was real.
//
// It draws the "send me a link" screen rather than the form the dead link led
// to, since that form has nothing left to submit.
func (m *Module) askForAnotherLink(w http.ResponseWriter, r *http.Request, err error) {
	status := "That link is not valid any more. Ask for another one."
	if errors.Is(err, security.ErrExpired) {
		status = "That link has expired. Ask for another one."
	}
	// 422 and not 200, on the GET as well as on the POST: HTMX swaps the body of
	// both, so a 200 would leave the browser, the log and every dashboard
	// agreeing that a dead link was a password reset that worked.
	m.screenStatus(w, r, http.StatusUnprocessableEntity, "auth.passwords.email", AuthPage{
		Page:       m.page(r, "Reset your password"),
		EmailError: status,
	})
}

// showPasswordConfirm asks for the password again, before something that matters.
//
// The screen was published from the beginning and could not be reached: nothing
// assigned PasswordConfirmURL, so the form rendered action="" and posted to
// itself, and there was no route and no handler behind it either. Mount
// middleware.RequireConfirmedPassword on your own sensitive routes and this is
// where it sends people.
func (m *Module) showPasswordConfirm(w http.ResponseWriter, r *http.Request) {
	m.screen(w, r, "auth.passwords.confirm", AuthPage{Page: m.page(r, "Confirm your password")})
}

// confirmPassword checks the password of the session that is already open, and
// stamps the session when it is right.
//
// It goes through auth.Service.ConfirmPassword and not Authenticate: that one is
// the sign-in path, it takes an address rather than a subject, and widening it
// would give one call two meanings. The service call is throttled, which is not
// optional here -- this screen sits behind a session, so an unlimited "is this
// the password?" is a password oracle for whoever stole the cookie.
func (m *Module) confirmPassword(w http.ResponseWriter, r *http.Request) {
	subject, err := m.sessions.Load(r.Context(), r)
	if err != nil {
		// The session went away between the form being drawn and it being
		// posted. There is nothing left to confirm on, and the honest next screen
		// is the one that opens a session.
		redirect(w, r, "/auth/login")
		return
	}

	password := r.PostFormValue("password")
	if password == "" {
		// Refused before the service is called, so an empty submit does not spend
		// a unit of the budget that stands between a stolen cookie and the
		// password behind it.
		m.rejectedConfirmation(w, r, http.StatusUnprocessableEntity, "type your password to go on")
		return
	}

	if err := m.auth.ConfirmPassword(r.Context(), subject, password, middleware.KeyByIP(r)); err != nil {
		if errors.Is(err, auth.ErrInvalidCredentials) {
			m.rejectedConfirmation(w, r, http.StatusUnauthorized, "that is not the password for this account")
			return
		}
		var locked auth.TooManyAttemptsError
		if errors.As(err, &locked) {
			w.Header().Set("Retry-After", strconv.Itoa(locked.Seconds()))
			m.rejectedConfirmation(w, r, http.StatusTooManyRequests,
				fmt.Sprintf("too many attempts, try again in %d seconds", locked.Seconds()))
			return
		}
		observability.Log(r.Context()).Error("confirming a password", "error", err)
		http.Error(w, "internal error", http.StatusInternalServerError)
		return
	}

	// The stamp, on the session record. It is reported as a failure rather than
	// redirected around, because security.ErrConfirmationNotStored means the
	// backend accepted it and did not keep it -- and redirecting then sends
	// somebody who has just typed their password correctly back to the form that
	// asked for it, forever, with nothing on screen to explain it.
	if err := m.sessions.Confirm(r.Context(), w, r); err != nil {
		observability.Log(r.Context()).Error("recording the password confirmation", "error", err)
		http.Error(w, "internal error", http.StatusInternalServerError)
		return
	}

	// Back to whatever the guard turned them away from, and the front page when
	// there was nothing in particular. The guard is what remembered it -- by the
	// time a password has been typed, the request that was refused is gone.
	redirect(w, r, m.sessions.TakeIntended(w, r, "/"))
}

// rejectedConfirmation re-renders the confirmation form with the message.
//
// The status is spelled out at every call site because the three refusals are
// three different things -- a missing field, a wrong password, a lockout -- and
// answering 200 for any of them would make the browser, the log and every
// dashboard agree that the password was confirmed.
func (m *Module) rejectedConfirmation(w http.ResponseWriter, r *http.Request, status int, message string) {
	m.screenStatus(w, r, status, "auth.passwords.confirm", AuthPage{
		Page:          m.page(r, "Confirm your password"),
		PasswordError: message,
	})
}
