package authui

import (
	"errors"
	"fmt"
	"net/http"
	"strconv"
	"strings"

	"github.com/arandu-io/framework/http/middleware"
	"github.com/arandu-io/framework/observability"
	"github.com/arandu-io/framework/security"
	nativeauth "github.com/arandu-io/hesape/auth"

	appmail "example.test/project/app/Mail"
	models "example.test/project/app/Models"
	services "example.test/project/app/Services"
)

const (
	resetPurpose = "reset-password"
	codeSent     = "If that address is registered, a code is on its way."
)

func (m *Module) showPasswordRequest(w http.ResponseWriter, r *http.Request) {
	m.screen(w, r, "auth.passwords.email", AuthPage{Page: m.page(r, "Reset your password")})
}

func (m *Module) sendPasswordCode(w http.ResponseWriter, r *http.Request) {
	email := strings.TrimSpace(r.PostFormValue("email"))
	if u, err := m.users.Lookup(r.Context(), m.tenant(r), email); err == nil {
		if err := m.sendPasswordReset(r, u); err != nil {
			observability.Log(r.Context()).Error("sending the password reset code", "error", err)
		}
	}
	m.screen(w, r, "auth.passwords.reset", AuthPage{
		Page: m.page(r, "Choose a new password"), Email: email, Status: codeSent,
	})
}

func (m *Module) sendPasswordReset(r *http.Request, u models.User) error {
	code, err := m.codes.Issue(r.Context(), resetPurpose, resetCodeSubject(u))
	if err != nil {
		return err
	}
	return m.mailer.ToAddress(mailAddress(u)).Send(r.Context(), appmail.PasswordReset{
		Name: firstWord(u.Name), Code: code, BrandName: m.appName,
	})
}

func resetCodeSubject(u models.User) string {
	return u.TenantID + "\x00" + u.ID + "\x00" + services.NormalizeEmail(u.Email) + "\x00" + u.PasswordFingerprint()
}

func (m *Module) showPasswordReset(w http.ResponseWriter, r *http.Request) {
	m.screen(w, r, "auth.passwords.reset", AuthPage{
		Page:  m.page(r, "Choose a new password"),
		Email: strings.TrimSpace(r.URL.Query().Get("email")),
	})
}

func (m *Module) updatePassword(w http.ResponseWriter, r *http.Request) {
	email := strings.TrimSpace(r.PostFormValue("email"))
	code := strings.TrimSpace(r.PostFormValue("email_code"))
	password := r.PostFormValue("password")
	confirmation := r.PostFormValue("password_confirmation")
	if code == "" {
		m.rejectedReset(w, r, email, "type the code from your email", "", "")
		return
	}
	if password != confirmation {
		m.rejectedReset(w, r, email, "", "", "the two passwords do not match")
		return
	}
	if len([]rune(password)) < security.MinPasswordLen {
		m.rejectedReset(w, r, email, "", fmt.Sprintf("must be at least %d characters", security.MinPasswordLen), "")
		return
	}
	u, err := m.users.Lookup(r.Context(), m.tenant(r), email)
	if err != nil || m.codes.Consume(r.Context(), resetPurpose, resetCodeSubject(u), code) != nil {
		m.rejectedReset(w, r, email, "that code is not valid", "", "")
		return
	}
	capturedEmail := u.Email
	capturedPasswordFingerprint := u.PasswordFingerprint()
	u, err = m.users.ResetPassword(r.Context(), u.TenantID, u.ID, capturedEmail, capturedPasswordFingerprint, password)
	if err != nil {
		observability.Log(r.Context()).Error("writing the new password", "error", err)
		m.rejectedReset(w, r, email, "that code is not valid", "", "")
		return
	}
	if err := m.sessions.DestroyOthers(r.Context(), subjectOf(u), ""); err != nil {
		observability.Log(r.Context()).Error("signing the account's other sessions out", "error", err)
	}
	m.screen(w, r, "auth.login", AuthPage{
		Page: m.page(r, "Sign in"), Email: u.Email,
		Status: "Your password has been changed. Sign in with it.",
	})
}

func (m *Module) rejectedReset(w http.ResponseWriter, r *http.Request, email, codeError, passwordError, confirmationError string) {
	m.screenStatus(w, r, http.StatusUnprocessableEntity, "auth.passwords.reset", AuthPage{
		Page: m.page(r, "Choose a new password"), Email: email,
		EmailCodeError: codeError, PasswordError: passwordError,
		PasswordConfirmationError: confirmationError,
	})
}

func (m *Module) showPasswordConfirm(w http.ResponseWriter, r *http.Request) {
	m.screen(w, r, "auth.passwords.confirm", AuthPage{Page: m.page(r, "Confirm your password")})
}

func (m *Module) confirmPassword(w http.ResponseWriter, r *http.Request) {
	subject, err := m.sessions.Load(r.Context(), r)
	if err != nil {
		redirect(w, r, "/auth/login")
		return
	}
	password := r.PostFormValue("password")
	if password == "" {
		m.rejectedConfirmation(w, r, http.StatusUnprocessableEntity, "type your password to go on")
		return
	}
	if err := m.users.ConfirmPassword(r.Context(), subject, password, middleware.KeyByIP(r)); err != nil {
		if errors.Is(err, nativeauth.ErrInvalidCredentials) {
			m.rejectedConfirmation(w, r, http.StatusUnauthorized, "that is not the password for this account")
			return
		}
		var locked retryAfterError
		if errors.As(err, &locked) {
			w.Header().Set("Retry-After", strconv.Itoa(locked.Seconds()))
			m.rejectedConfirmation(w, r, http.StatusTooManyRequests,
				fmt.Sprintf("too many attempts, try again in %d seconds", locked.Seconds()))
			return
		}
		observability.Log(r.Context()).Error("confirming a password", "error", err)
		http.Error(w, "internal error", http.StatusInternalServerError)
		return
	}
	if err := m.sessions.Confirm(r.Context(), w, r); err != nil {
		observability.Log(r.Context()).Error("recording the password confirmation", "error", err)
		http.Error(w, "internal error", http.StatusInternalServerError)
		return
	}
	redirect(w, r, m.sessions.TakeIntended(w, r, "/"))
}

func (m *Module) rejectedConfirmation(w http.ResponseWriter, r *http.Request, status int, message string) {
	m.screenStatus(w, r, status, "auth.passwords.confirm", AuthPage{
		Page: m.page(r, "Confirm your password"), PasswordError: message,
	})
}
