//go:build kyse

package mail

import appmail "example.test/project/app/Mail"

@go
// The plain-text part, rendering from the same data as the HTML one.
type PasswordResetTextData = appmail.PasswordReset
@endgo

Reset your password

{{-- arandu:begin custom --}}
Somebody asked to reset the password for this address. If it was not you,
nothing has happened and you can ignore this.

Choose a new password:
{{ .Link }}

The link works once and stops working in an hour.
{{-- arandu:end custom --}}

--
You are receiving this because of an action on your account.
