package authui

import (
	"errors"
	"fmt"
	"log/slog"
	"net/http"
	"net/url"
	"strconv"
	"strings"

	nativeauth "github.com/arandu-io/hesape/auth"
	"github.com/arandu-io/hesape/hashing"
	hhttp "github.com/arandu-io/hesape/http"
	"github.com/arandu-io/hesape/log"
	hmiddleware "github.com/arandu-io/hesape/routing/middleware"
	"github.com/arandu-io/hesape/validation"

	appmail "example.test/project/app/Mail"
	models "example.test/project/app/Models"
	services "example.test/project/app/Services"
)

const (
	resetPurpose = "reset-password"
	codeSent     = "If that address is registered, a code is on its way."
)

// passwordEmailRequest is what the form asking for a reset code sends.
type passwordEmailRequest struct {
	Email string `form:"email"`
}

// LogValue keeps the address out of a log line.
func (in passwordEmailRequest) LogValue() slog.Value {
	return slog.GroupValue(slog.Bool("email_supplied", in.Email != ""))
}

// passwordUpdateRequest is what the reset form sends: the address, the code
// mailed to it, and the new password twice.
type passwordUpdateRequest struct {
	Email                string `form:"email"`
	Code                 string `form:"email_code"`
	Password             string `form:"password"`
	PasswordConfirmation string `form:"password_confirmation"`
}

// LogValue says which fields arrived and nothing they carried.
func (in passwordUpdateRequest) LogValue() slog.Value {
	return slog.GroupValue(
		slog.Bool("email_supplied", in.Email != ""),
		slog.Bool("code_supplied", in.Code != ""),
		slog.Bool("password_supplied", in.Password != ""),
		slog.Bool("password_confirmation_supplied", in.PasswordConfirmation != ""),
	)
}

// passwordConfirmRequest is what the form asking for the password again sends.
type passwordConfirmRequest struct {
	Password string `form:"password"`
}

// LogValue says whether the password arrived and nothing else.
func (in passwordConfirmRequest) LogValue() slog.Value {
	return slog.GroupValue(slog.Bool("password_supplied", in.Password != ""))
}

func (m *Module) showPasswordRequest(w http.ResponseWriter, r *http.Request) {
	m.screen(w, r, "auth.passwords.email", AuthPage{Page: m.page(r, "Reset your password")})
}

func (m *Module) sendPasswordCode(ctx *hhttp.Context) error {
	w, r := ctx.Response, ctx.Request
	var in passwordEmailRequest
	if err := ctx.Bind(&in); err != nil {
		return err
	}
	if u, err := m.users.Lookup(r.Context(), m.tenant(r), in.Email); err == nil {
		if err := m.sendPasswordReset(r, u); err != nil {
			log.For(r.Context()).Error("sending the password reset code", "error", err)
		}
	}
	m.notify(w, r, "/auth/password/reset", codeSent, url.Values{"email": {in.Email}})
	return nil
}

func (m *Module) sendPasswordReset(r *http.Request, u models.User) error {
	code, err := m.codes.Issue(r.Context(), resetPurpose, resetCodeSubject(u))
	if err != nil {
		return err
	}
	return m.mailer.ToAddress(mailAddress(u)).Send(r.Context(), appmail.PasswordReset{
		Name: firstWord(u.Name), Code: code, BrandName: m.appName,
	})
}

func resetCodeSubject(u models.User) string {
	return u.TenantID + "\x00" + u.ID + "\x00" + services.NormalizeEmail(u.Email) + "\x00" + u.PasswordFingerprint()
}

func (m *Module) showPasswordReset(w http.ResponseWriter, r *http.Request) {
	m.screen(w, r, "auth.passwords.reset", AuthPage{
		Page:  m.page(r, "Choose a new password"),
		Email: strings.TrimSpace(r.URL.Query().Get("email")),
	})
}

// updatePassword writes the new password. A refused form is returned to the
// router, which sends the person back to it; the code is consumed only once
// the password is acceptable, so a rejection never spends it.
func (m *Module) updatePassword(ctx *hhttp.Context) error {
	w, r := ctx.Response, ctx.Request
	var in passwordUpdateRequest
	if err := ctx.Bind(&in); err != nil {
		return err
	}
	if in.Code == "" {
		return validation.Errors{"email_code": {"type the code from your email"}}
	}
	if in.Password != in.PasswordConfirmation {
		return validation.Errors{"password_confirmation": {"the two passwords do not match"}}
	}
	if len([]rune(in.Password)) < hashing.MinPasswordLen {
		return validation.Errors{"password": {fmt.Sprintf("must be at least %d characters", hashing.MinPasswordLen)}}
	}
	u, err := m.users.Lookup(r.Context(), m.tenant(r), in.Email)
	if err != nil || m.codes.Consume(r.Context(), resetPurpose, resetCodeSubject(u), in.Code) != nil {
		return validation.Errors{"email_code": {"that code is not valid"}}
	}
	capturedEmail := u.Email
	capturedPasswordFingerprint := u.PasswordFingerprint()
	u, err = m.users.ResetPassword(r.Context(), u.TenantID, u.ID, capturedEmail, capturedPasswordFingerprint, in.Password)
	if err != nil {
		log.For(r.Context()).Error("writing the new password", "error", err)
		return validation.Errors{"email_code": {"that code is not valid"}}
	}
	if err := m.sessions.DestroyOthers(r.Context(), subjectOf(u), ""); err != nil {
		log.For(r.Context()).Error("signing the account's other sessions out", "error", err)
	}
	m.notify(w, r, "/auth/login", "Your password has been changed. Sign in with it.", url.Values{"email": {u.Email}})
	return nil
}

func (m *Module) showPasswordConfirm(w http.ResponseWriter, r *http.Request) {
	m.screen(w, r, "auth.passwords.confirm", AuthPage{Page: m.page(r, "Confirm your password")})
}

// confirmPassword checks the password of the person RequireAuth let through,
// whose subject the guard put on the request context.
func (m *Module) confirmPassword(ctx *hhttp.Context) error {
	w, r := ctx.Response, ctx.Request
	subject, ok := nativeauth.SubjectFrom(r.Context())
	if !ok {
		redirect(w, r, "/auth/login")
		return nil
	}
	var in passwordConfirmRequest
	if err := ctx.Bind(&in); err != nil {
		return err
	}
	if in.Password == "" {
		return validation.Errors{"password": {"type your password to go on"}}
	}
	if err := m.users.ConfirmPassword(r.Context(), subject, in.Password, hmiddleware.KeyByIP(r)); err != nil {
		if errors.Is(err, nativeauth.ErrInvalidCredentials) {
			return validation.Errors{"password": {"that is not the password for this account"}}
		}
		var locked retryAfterError
		if errors.As(err, &locked) {
			w.Header().Set("Retry-After", strconv.Itoa(locked.Seconds()))
			return validation.Errors{
				"password": {fmt.Sprintf("too many attempts, try again in %d seconds", locked.Seconds())},
			}
		}
		log.For(r.Context()).Error("confirming a password", "error", err)
		http.Error(w, "internal error", http.StatusInternalServerError)
		return nil
	}
	if err := m.sessions.Confirm(r.Context(), w, r); err != nil {
		log.For(r.Context()).Error("recording the password confirmation", "error", err)
		http.Error(w, "internal error", http.StatusInternalServerError)
		return nil
	}
	redirect(w, r, m.sessions.TakeIntended(w, r, "/"))
	return nil
}
