//go:build kyse

package mail

import (
	"github.com/arandu-io/kyse/mailui"
	appmail "example.test/project/app/Mail"
)

@go
type PasswordResetData = appmail.PasswordReset
@endgo

{{-- arandu:begin custom --}}
{!! mailui.Layout(mailui.LayoutProps{
	Brand: .BrandName,
	Heading: "Reset your password",
	Preheader: "Use the code to choose a new password.",
	Body: mailui.Paragraph("Somebody asked to reset your password. Your reset code is " + .Code + ".") +
		mailui.Small("The code is single-use and expires shortly."),
	Footer: "If it was not you, ignore this message.",
}) !!}
{{-- arandu:end custom --}}
