//go:build kyse

package mail

import (
	"github.com/arandu-io/kyse/mailui"

	appmail "example.test/project/app/Mail"
)

@go
// The data this message renders from, named rather than declared: it is
// app/Mail/PasswordReset.go that owns it, because that is where it is filled in.
type PasswordResetData = appmail.PasswordReset
@endgo

{{-- One call, the same one the verification message makes. mailui builds the
     table, the inline styles and the hidden preheader a mail client needs.

     Everything inside the block below is yours and survives a republish. --}}
{{-- arandu:begin custom --}}
{!! mailui.Layout(mailui.LayoutProps{
	Brand:     .BrandName,
	Heading:   "Reset your password",
	Preheader: "The link works once, and only for an hour.",
	Body: mailui.Paragraph("Somebody asked to reset the password for this address. If it was not you, nothing has happened and you can ignore this.") +
		mailui.Button(mailui.ButtonProps{Label: "Choose a new password", Href: .Link}) +
		mailui.Small("The link works once and stops working in an hour.") +
		mailui.Fallback(.Link),
	Footer: "You are receiving this because of an action on your account.",
}) !!}
{{-- arandu:end custom --}}
