//go:build kyse

package auth

import (
	"github.com/arandu-io/kyse/components"

	authui "example.test/project/app/Http/Controllers/Auth"
)

@go
// RegisterData is what the sign-up screen draws.
type RegisterData = authui.AuthPage
@endgo

@extends('layouts.app')

@section('content')
	<div class="mx-auto w-full max-w-md">
		<section class="card">
			<header class="border-b px-6 py-4">
				<h1 class="text-base font-semibold tracking-tight">Register</h1>
			</header>

			<form class="flex flex-col gap-4 px-6 py-6" method="post" action="{{ .RegisterURL }}">
				@csrf

				{!! components.Field(components.FieldProps{
					Name: "name", Label: "Name",
					Value: .Name, Error: .NameError,
					Autocomplete: "name", Required: true, Autofocus: true,
				}) !!}

				{!! components.Field(components.FieldProps{
					Name: "email", Label: "Email", Type: "email",
					Value: .Email, Error: .EmailError,
					Autocomplete: "email", Required: true,
				}) !!}

				{!! components.Field(components.FieldProps{
					Name: "password", Label: "Password", Type: "password",
					Error: .PasswordError,
					Hint: "At least twelve characters.",
					Autocomplete: "new-password", Required: true,
				}) !!}

				{!! components.Field(components.FieldProps{
					Name: "password_confirmation", Label: "Confirm password", Type: "password",
					Error: .PasswordConfirmationError,
					Autocomplete: "new-password", Required: true,
				}) !!}

				<div class="flex items-center justify-between gap-3">
					<button type="submit" class="btn">Register</button>
					<a class="text-muted-foreground text-sm hover:underline" href="{{ .LoginURL }}">Already registered?</a>
				</div>
			</form>
		</section>
	</div>
@endsection
