package authui

import (
	"errors"
	"log/slog"
	"net/http"
	"net/url"
	"strings"

	"github.com/arandu-io/hesape/hashing"
	hhttp "github.com/arandu-io/hesape/http"
	"github.com/arandu-io/hesape/log"
	"github.com/arandu-io/hesape/onetime"
	"github.com/arandu-io/hesape/validation"

	appmail "example.test/project/app/Mail"
	models "example.test/project/app/Models"
	services "example.test/project/app/Services"
)

const (
	verifyPurpose    = "verify-email"
	verificationSent = "If that address is registered, a code is on its way."
)

// RegistrationCredential is what the sign-up form asks a new account to prove
// with, and it is this application's decision.
//
// One value decides both what the form draws and what this handler validates,
// which is what keeps the two from drifting apart. A box the screen does not
// draw is not a box this handler requires, and the reverse -- a rule applied to
// an input nobody can see -- rejects every submission while pointing at a field
// that is not on the page.
type RegistrationCredential int

const (
	// PasswordTwice asks for a password and a confirmation, and rejects a pair
	// that differs. It is the zero value, so it is what an unset field means.
	PasswordTwice RegistrationCredential = iota

	// PasswordOnce asks for a password in a single box. The strength rule is
	// unchanged: what goes is the second box, not the requirement.
	PasswordOnce

	// NoPassword asks for no password at all, for an application where an
	// address or a telephone number is the identity and a single-use code is
	// the proof. Nothing is validated here, and Users.Register is left to
	// decide what a new account has to carry.
	NoPassword
)

// asksForPassword reports whether the form draws a password box.
func (c RegistrationCredential) asksForPassword() bool { return c != NoPassword }

// asksForConfirmation reports whether the form draws a second one.
func (c RegistrationCredential) asksForConfirmation() bool { return c == PasswordTwice }

// registrationAsks is what this application's sign-up form asks for.
//
// This line is the whole of the setting: change it and both the form and the
// validation move together, because both read this value.
//
// NoPassword hands the question to Users.Register, and there is one thing that
// implementation must not do with the empty password it is then given: hash it.
// A stored hash of the empty string is a credential anybody can offer. An
// account with no password is one whose password column is EMPTY, which the
// native provider refuses to authenticate whatever is offered against it, and
// the sign-in screen below refuses an empty password before it compares
// anything -- so neither side of that comparison is ever empty. The column is
// this application's to write, and what this setting asks for is a credential
// that is absent rather than one that is the hash of nothing.
const registrationAsks = PasswordTwice

// registrationRequest is what the sign-up form sends.
//
// ctx.Bind fills it through the form tags and nothing else: a key the form does
// not declare reaches no field, so a request that carries roles or a tenant sets
// neither. Every value arrives trimmed.
type registrationRequest struct {
	Name                 string `form:"name"`
	Email                string `form:"email"`
	Password             string `form:"password"`
	PasswordConfirmation string `form:"password_confirmation"`
}

// LogValue exposes only whether each field was supplied. Registration input
// contains credentials and account PII, so none of its values belong in logs.
func (in registrationRequest) LogValue() slog.Value {
	return slog.GroupValue(
		slog.Bool("name_supplied", in.Name != ""),
		slog.Bool("email_supplied", in.Email != ""),
		slog.Bool("password_supplied", in.Password != ""),
		slog.Bool("password_confirmation_supplied", in.PasswordConfirmation != ""),
	)
}

// passwordPolicy is the rule a password chosen on these screens is held to,
// and the list drawn under the box it is typed into.
//
// Both handlers that take a new password -- sign-up and reset -- check it
// against this, and both screens are handed the same declaration as
// AuthPage.PasswordPolicy, which the password component draws its checklist
// from. The line a person reads and the rule that turns them away are one
// declaration, so a minimum raised here is raised in both places and a screen
// never promises a password its handler then refuses.
//
// It starts at hashing.MinPasswordLen and ends at hashing.MaxPasswordLen, the
// bounds hashing.Make refuses outside of. Raise the minimum, or add MixedCase,
// Numbers or Symbols; a minimum below that floor would accept on the screen a
// password the user service cannot store.
//
// A new policy on every call, because a policy records what its last check
// refused: one shared between two requests could answer one with the other's
// messages.
func passwordPolicy() *validation.Password {
	return validation.PasswordMin(hashing.MinPasswordLen).Max(hashing.MaxPasswordLen)
}

// checkNewPassword adds what passwordPolicy refuses about password to errs,
// under field.
//
// The empty password is refused here first, and not left to the policy: a
// policy's length rule, like every rule but required, passes a value that is
// absent, so an empty box would go through it and reach the user service -- and
// the reset would spend its code on a password that cannot be stored.
func checkNewPassword(errs validation.Errors, field, password string) {
	if password == "" {
		errs[field] = []string{"type a password"}
		return
	}
	policy := passwordPolicy()
	if !policy.Passes(field, password) {
		errs[field] = policy.Message()
	}
}

// verifyRequest is what the confirmation form sends: the address and the code
// mailed to it.
type verifyRequest struct {
	Email string `form:"email"`
	Code  string `form:"email_code"`
}

// LogValue keeps the address and the code out of a log line: the code is a
// credential until it is spent.
func (in verifyRequest) LogValue() slog.Value {
	return slog.GroupValue(
		slog.Bool("email_supplied", in.Email != ""),
		slog.Bool("code_supplied", in.Code != ""),
	)
}

// resendRequest is what the form asking for another code sends.
type resendRequest struct {
	Email string `form:"email"`
}

// LogValue keeps the address out of a log line.
func (in resendRequest) LogValue() slog.Value {
	return slog.GroupValue(slog.Bool("email_supplied", in.Email != ""))
}

func (m *Module) showRegister(w http.ResponseWriter, r *http.Request) {
	m.screen(w, r, "auth.register", AuthPage{
		Page:                   m.page(r, "Create an account"),
		WithoutPasswordBox:     !registrationAsks.asksForPassword(),
		WithoutConfirmationBox: !registrationAsks.asksForConfirmation(),
		PasswordPolicy:         passwordPolicy(),
	})
}

// doRegister creates the account. A refused form is returned to the router,
// which sends the person back to it with the messages and what was typed.
func (m *Module) doRegister(ctx *hhttp.Context) error {
	w, r := ctx.Response, ctx.Request
	var in registrationRequest
	if err := ctx.Bind(&in); err != nil {
		return err
	}
	// A form that drew no password box did not collect one, so a password in
	// the body arrived from somewhere else. Dropped rather than passed on:
	// what reaches Users.Register is only ever what this form asked for, and a
	// credential cannot be set on a new account through a field this
	// application does not show.
	if !registrationAsks.asksForPassword() {
		in.Password, in.PasswordConfirmation = "", ""
	}

	errs := validation.Errors{}
	if in.Name == "" {
		errs["name"] = []string{"type your name"}
	}
	if in.Email == "" {
		errs["email"] = []string{"type your email address"}
	}
	if registrationAsks.asksForPassword() {
		checkNewPassword(errs, "password", in.Password)
	}
	if registrationAsks.asksForConfirmation() && in.Password != in.PasswordConfirmation {
		errs["password_confirmation"] = []string{"the two passwords do not match"}
	}
	if errs.Any() {
		return errs
	}

	u, err := m.users.Register(r.Context(), m.tenant(r), in.Name, in.Email, in.Password)
	if err != nil {
		if errors.Is(err, services.ErrEmailTaken) {
			return validation.Errors{"email": {"that address is already registered. Sign in instead."}}
		}
		// The application's own rules answer the same way as the ones above:
		// validation.Errors is returned as it came, and the router draws it.
		var invalid validation.Errors
		if errors.As(err, &invalid) {
			return err
		}
		log.For(r.Context()).Error("registration failed", "error", err)
		http.Error(w, "internal error", http.StatusInternalServerError)
		return nil
	}
	if err := m.sendVerification(r, u); err != nil {
		log.For(r.Context()).Error("sending the verification code", "error", err)
	}
	redirect(w, r, "/auth/verify")
	return nil
}

func (m *Module) showVerifyNotice(w http.ResponseWriter, r *http.Request) {
	m.screen(w, r, "auth.verify", AuthPage{
		Page:  m.page(r, "Confirm your address"),
		Email: strings.TrimSpace(r.URL.Query().Get("email")),
	})
}

// verify is deliberately POST-only. The code is bound to purpose, tenant and
// user, and MarkVerified repeats the captured address condition at the write.
func (m *Module) verify(ctx *hhttp.Context) error {
	w, r := ctx.Response, ctx.Request
	var in verifyRequest
	if err := ctx.Bind(&in); err != nil {
		return err
	}
	if in.Email == "" || in.Code == "" {
		return validation.Errors{"email_code": {"type the code from your email"}}
	}
	u, err := m.users.Lookup(r.Context(), m.tenant(r), in.Email)
	if err != nil || m.codes.Consume(r.Context(), verifyPurpose, emailCodeSubject(u), in.Code) != nil {
		return validation.Errors{"email_code": {"that code is not valid"}}
	}
	_, firstVerification, err := m.users.MarkVerified(r.Context(), u.TenantID, u.ID, u.Email)
	if err != nil {
		log.For(r.Context()).Error("marking an address verified", "error", err)
		return validation.Errors{"email_code": {"that code is not valid"}}
	}
	status := "That address was already confirmed. Sign in."
	if firstVerification {
		status = "Your address is confirmed. Welcome."
	}
	m.notify(w, r, "/auth/login", status, url.Values{"email": {u.Email}})
	return nil
}

// resendVerification does not reveal whether the address exists. The native
// CodeStore applies expiry, cooldown, attempt limits and atomic consumption.
func (m *Module) resendVerification(ctx *hhttp.Context) error {
	w, r := ctx.Response, ctx.Request
	var in resendRequest
	if err := ctx.Bind(&in); err != nil {
		return err
	}
	if u, err := m.users.Lookup(r.Context(), m.tenant(r), in.Email); err == nil && !u.Verified() {
		if err := m.sendVerification(r, u); err != nil && !errors.Is(err, onetime.ErrCooldown) {
			log.For(r.Context()).Error("resending the verification code", "error", err)
		}
	}
	m.notify(w, r, "/auth/verify", verificationSent, url.Values{"email": {in.Email}})
	return nil
}

func (m *Module) sendVerification(r *http.Request, u models.User) error {
	code, err := m.codes.Issue(r.Context(), verifyPurpose, emailCodeSubject(u))
	if err != nil {
		return err
	}
	return m.mailer.ToAddress(mailAddress(u)).Send(r.Context(), appmail.VerifyEmail{
		Name: firstWord(u.Name), Code: code, BrandName: m.appName,
	})
}

func emailCodeSubject(u models.User) string {
	return u.TenantID + "\x00" + u.ID + "\x00" + services.NormalizeEmail(u.Email)
}

func first(messages []string) string {
	if len(messages) == 0 {
		return ""
	}
	return messages[0]
}

func firstWord(name string) string {
	name = strings.TrimSpace(name)
	if i := strings.IndexByte(name, ' '); i > 0 {
		return name[:i]
	}
	return name
}
