package authui

import (
	"errors"
	"log/slog"
	"net/http"
	"strings"

	"github.com/arandu-io/framework/observability"
	"github.com/arandu-io/framework/security"
	"github.com/arandu-io/framework/validation"
	"github.com/arandu-io/hesape/onetime"

	appmail "example.test/project/app/Mail"
	models "example.test/project/app/Models"
	services "example.test/project/app/Services"
)

const (
	verifyPurpose    = "verify-email"
	verificationSent = "If that address is registered, a code is on its way."
)

// RegistrationCredential is what the sign-up form asks a new account to prove
// with, and it is this application's decision.
//
// One value decides both what the form draws and what this handler validates,
// which is what keeps the two from drifting apart. A box the screen does not
// draw is not a box this handler requires, and the reverse -- a rule applied to
// an input nobody can see -- rejects every submission while pointing at a field
// that is not on the page.
type RegistrationCredential int

const (
	// PasswordTwice asks for a password and a confirmation, and rejects a pair
	// that differs. It is the zero value, so it is what an unset field means.
	PasswordTwice RegistrationCredential = iota

	// PasswordOnce asks for a password in a single box. The strength rule is
	// unchanged: what goes is the second box, not the requirement.
	PasswordOnce

	// NoPassword asks for no password at all, for an application where an
	// address or a telephone number is the identity and a single-use code is
	// the proof. Nothing is validated here, and Users.Register is left to
	// decide what a new account has to carry.
	NoPassword
)

// asksForPassword reports whether the form draws a password box.
func (c RegistrationCredential) asksForPassword() bool { return c != NoPassword }

// asksForConfirmation reports whether the form draws a second one.
func (c RegistrationCredential) asksForConfirmation() bool { return c == PasswordTwice }

// registrationAsks is what this application's sign-up form asks for.
//
// This line is the whole of the setting: change it and both the form and the
// validation move together, because both read this value.
//
// NoPassword hands the question to Users.Register, and there is one thing that
// implementation must not do with the empty password it is then given: hash it.
// A stored hash of the empty string is a credential anybody can offer. An
// account with no password is one whose password column is EMPTY, which the
// native provider refuses to authenticate whatever is offered against it, and
// the sign-in screen below refuses an empty password before it compares
// anything -- so neither side of that comparison is ever empty. The column is
// this application's to write, and what this setting asks for is a credential
// that is absent rather than one that is the hash of nothing.
const registrationAsks = PasswordTwice

type registrationInput struct {
	Name                 string
	Email                string
	Password             string
	PasswordConfirmation string
}

// LogValue exposes only whether each field was supplied. Registration input
// contains credentials and account PII, so none of its values belong in logs.
func (in registrationInput) LogValue() slog.Value {
	return slog.GroupValue(
		slog.Bool("name_supplied", in.Name != ""),
		slog.Bool("email_supplied", in.Email != ""),
		slog.Bool("password_supplied", in.Password != ""),
		slog.Bool("password_confirmation_supplied", in.PasswordConfirmation != ""),
	)
}

func (m *Module) showRegister(w http.ResponseWriter, r *http.Request) {
	m.screen(w, r, "auth.register", AuthPage{
		Page:                   m.page(r, "Create an account"),
		WithoutPasswordBox:     !registrationAsks.asksForPassword(),
		WithoutConfirmationBox: !registrationAsks.asksForConfirmation(),
	})
}

func (m *Module) doRegister(w http.ResponseWriter, r *http.Request) {
	in := registrationInput{
		Name:                 strings.TrimSpace(r.PostFormValue("name")),
		Email:                strings.TrimSpace(r.PostFormValue("email")),
		Password:             r.PostFormValue("password"),
		PasswordConfirmation: r.PostFormValue("password_confirmation"),
	}
	// A form that drew no password box did not collect one, so a password in
	// the body arrived from somewhere else. Dropped rather than passed on:
	// what reaches Users.Register is only ever what this form asked for, and a
	// credential cannot be set on a new account through a field this
	// application does not show.
	if !registrationAsks.asksForPassword() {
		in.Password, in.PasswordConfirmation = "", ""
	}

	errs := validation.Errors{}
	if in.Name == "" {
		errs["name"] = []string{"type your name"}
	}
	if in.Email == "" {
		errs["email"] = []string{"type your email address"}
	}
	if registrationAsks.asksForPassword() && len([]rune(in.Password)) < security.MinPasswordLen {
		errs["password"] = []string{"the password is too short"}
	}
	if registrationAsks.asksForConfirmation() && in.Password != in.PasswordConfirmation {
		errs["password_confirmation"] = []string{"the two passwords do not match"}
	}
	if len(errs) != 0 {
		m.rejectedRegistration(w, r, in, errs)
		return
	}

	u, err := m.users.Register(r.Context(), m.tenant(r), in.Name, in.Email, in.Password)
	if err != nil {
		if errors.Is(err, services.ErrEmailTaken) {
			m.rejectedRegistration(w, r, in, validation.Errors{
				"email": {"that address is already registered. Sign in instead."},
			})
			return
		}
		var invalid validation.Errors
		if errors.As(err, &invalid) {
			m.rejectedRegistration(w, r, in, invalid)
			return
		}
		observability.Log(r.Context()).Error("registration failed", "error", err)
		http.Error(w, "internal error", http.StatusInternalServerError)
		return
	}
	if err := m.sendVerification(r, u); err != nil {
		observability.Log(r.Context()).Error("sending the verification code", "error", err)
	}
	redirect(w, r, "/auth/verify")
}

func (m *Module) showVerifyNotice(w http.ResponseWriter, r *http.Request) {
	m.screen(w, r, "auth.verify", AuthPage{
		Page:  m.page(r, "Confirm your address"),
		Email: strings.TrimSpace(r.URL.Query().Get("email")),
	})
}

// verify is deliberately POST-only. The code is bound to purpose, tenant and
// user, and MarkVerified repeats the captured address condition at the write.
func (m *Module) verify(w http.ResponseWriter, r *http.Request) {
	email := strings.TrimSpace(r.PostFormValue("email"))
	code := strings.TrimSpace(r.PostFormValue("email_code"))
	if email == "" || code == "" {
		m.rejectedVerification(w, r, email, "type the code from your email")
		return
	}
	u, err := m.users.Lookup(r.Context(), m.tenant(r), email)
	if err != nil || m.codes.Consume(r.Context(), verifyPurpose, emailCodeSubject(u), code) != nil {
		m.rejectedVerification(w, r, email, "that code is not valid")
		return
	}
	_, firstVerification, err := m.users.MarkVerified(r.Context(), u.TenantID, u.ID, u.Email)
	if err != nil {
		observability.Log(r.Context()).Error("marking an address verified", "error", err)
		m.rejectedVerification(w, r, email, "that code is not valid")
		return
	}
	status := "That address was already confirmed. Sign in."
	if firstVerification {
		status = "Your address is confirmed. Welcome."
	}
	m.screen(w, r, "auth.login", AuthPage{
		Page: m.page(r, "Sign in"), Email: u.Email, Status: status,
	})
}

// resendVerification does not reveal whether the address exists. The native
// CodeStore applies expiry, cooldown, attempt limits and atomic consumption.
func (m *Module) resendVerification(w http.ResponseWriter, r *http.Request) {
	email := strings.TrimSpace(r.PostFormValue("email"))
	if u, err := m.users.Lookup(r.Context(), m.tenant(r), email); err == nil && !u.Verified() {
		if err := m.sendVerification(r, u); err != nil && !errors.Is(err, onetime.ErrCooldown) {
			observability.Log(r.Context()).Error("resending the verification code", "error", err)
		}
	}
	m.screen(w, r, "auth.verify", AuthPage{
		Page: m.page(r, "Confirm your address"), Email: email,
		Status: verificationSent, Resent: true,
	})
}

func (m *Module) sendVerification(r *http.Request, u models.User) error {
	code, err := m.codes.Issue(r.Context(), verifyPurpose, emailCodeSubject(u))
	if err != nil {
		return err
	}
	return m.mailer.ToAddress(mailAddress(u)).Send(r.Context(), appmail.VerifyEmail{
		Name: firstWord(u.Name), Code: code, BrandName: m.appName,
	})
}

func emailCodeSubject(u models.User) string {
	return u.TenantID + "\x00" + u.ID + "\x00" + services.NormalizeEmail(u.Email)
}

func (m *Module) rejectedVerification(w http.ResponseWriter, r *http.Request, email, message string) {
	m.screenStatus(w, r, http.StatusUnprocessableEntity, "auth.verify", AuthPage{
		Page: m.page(r, "Confirm your address"), Email: email, EmailCodeError: message,
	})
}

func (m *Module) rejectedRegistration(w http.ResponseWriter, r *http.Request, in registrationInput, errs validation.Errors) {
	m.screenStatus(w, r, http.StatusUnprocessableEntity, "auth.register", AuthPage{
		Page: m.page(r, "Create an account"), Name: in.Name, Email: in.Email,
		WithoutPasswordBox:     !registrationAsks.asksForPassword(),
		WithoutConfirmationBox: !registrationAsks.asksForConfirmation(),
		NameError:              first(errs["name"]), EmailError: first(errs["email"]),
		PasswordError:             first(errs["password"]),
		PasswordConfirmationError: first(errs["password_confirmation"]),
	})
}

func first(messages []string) string {
	if len(messages) == 0 {
		return ""
	}
	return messages[0]
}

func firstWord(name string) string {
	name = strings.TrimSpace(name)
	if i := strings.IndexByte(name, ' '); i > 0 {
		return name[:i]
	}
	return name
}
