package authui

import (
	"context"
	"encoding/json"
	"log/slog"
	"net/http"

	"github.com/arandu-io/framework/mail"
	"github.com/arandu-io/framework/observability"
	nativeauth "github.com/arandu-io/hesape/auth"
	"github.com/arandu-io/hesape/view"

	models "example.test/project/app/Models"
)

type ChromeProps struct {
	AppName       string
	Title         string
	Path          string
	Token         string
	Authenticated bool
	UserName      string
}

func (p ChromeProps) MarshalJSON() ([]byte, error) {
	return json.Marshal(struct {
		AppName, Title, Path, Token, UserName string
		Authenticated                         bool
	}{p.AppName, p.Title, p.Path, redacted(p.Token), p.UserName, p.Authenticated})
}

func (p ChromeProps) LogValue() slog.Value {
	return slog.GroupValue(
		slog.String("path", p.Path), slog.String("title", p.Title),
		slog.Bool("authenticated", p.Authenticated),
	)
}

func Chrome(p ChromeProps) view.Page {
	return view.Page{
		Title: p.Title, AppName: p.AppName, Path: p.Path, Token: p.Token,
		Authenticated: p.Authenticated, UserName: p.UserName,
		HomeURL: "/", LoginURL: "/auth/login", LogoutURL: "/auth/logout",
		RegisterURL: "/auth/register",
	}
}

func SignedInName(ctx context.Context, people UserNames, tenant, id string) string {
	if id == "" || people == nil {
		return ""
	}
	names, err := people.PublicNames(ctx, nativeauth.Subject{Tenant: tenant, ID: id}, []string{id})
	if err != nil || names[id] == "" {
		return id
	}
	return names[id]
}

func (m *Module) page(r *http.Request, title string) view.Page {
	subject, err := m.sessions.Load(r.Context(), r)
	return Chrome(ChromeProps{
		AppName: m.appName, Title: title, Path: r.URL.Path,
		Authenticated: err == nil,
		UserName:      SignedInName(r.Context(), m.users, subject.Tenant, subject.ID),
	})
}

func (m *Module) screen(w http.ResponseWriter, r *http.Request, name string, data AuthPage) {
	m.screenStatus(w, r, http.StatusOK, name, data)
}

func (m *Module) fragment(w http.ResponseWriter, r *http.Request, status int, screen, part string, data AuthPage) {
	name := screen
	if r.Header.Get("HX-Request") == "true" && r.Header.Get("HX-Boosted") != "true" {
		name = part
	}
	m.screenStatus(w, r, status, name, data)
}

func (m *Module) screenStatus(w http.ResponseWriter, r *http.Request, status int, name string, data AuthPage) {
	token, err := m.csrf.Issue(m.sessions.IDFromRequest(r))
	if err != nil {
		observability.Log(r.Context()).Error("issuing csrf token", "error", err)
		http.Error(w, "internal error", http.StatusInternalServerError)
		return
	}
	if data.Page.Title == "" {
		data.Page = m.page(r, "Account")
	}
	data.Page.Path = r.URL.Path
	data.Page.AppName = m.appName
	data.Page.Token = token
	data.HasPasswordReset = true
	data.DashboardURL = "/"
	data.PasswordRequestURL = "/auth/password"
	data.PasswordEmailURL = "/auth/password/email"
	data.PasswordUpdateURL = "/auth/password/update"
	data.PasswordConfirmURL = "/auth/password/confirm"
	data.VerificationConfirmURL = "/auth/verify/confirm"
	data.VerificationResendURL = "/auth/verify/resend"
	data.TwoFactorChallengeURL = "/auth/two-factor/challenge"
	data.TwoFactorRecoveryURL = "/auth/two-factor/recovery"
	data.TwoFactorSetupURL = "/auth/two-factor/setup"
	data.TwoFactorSetupConfirmURL = "/auth/two-factor/setup/confirm"
	data.TwoFactorDisableURL = "/auth/two-factor/disable"
	data.RecoveryCodesURL = "/auth/two-factor/recovery-codes"
	if err := view.NewRenderer().Render(r.Context(), w, status, name, data); err != nil {
		observability.Log(r.Context()).Error("rendering "+name, "error", err)
		http.Error(w, "internal error", http.StatusInternalServerError)
	}
}

func mailAddress(u models.User) mail.Address {
	return mail.Address{Email: u.Email, Name: u.Name}
}
