//go:build kyse

package passwords

import (
	"github.com/arandu-io/kyse/components"

	authui "example.test/project/app/Http/Controllers/Auth"
)

@go
// ResetData is what the new-password screen draws.
type ResetData = authui.AuthPage
@endgo

@extends('layouts.app')

@section('content')
	<div class="mx-auto w-full max-w-md">
		<section class="card">
			<header class="border-b px-6 py-4">
				<h1 class="text-base font-semibold tracking-tight">Choose a new password</h1>
			</header>

			<form class="flex flex-col gap-4 px-6 py-6" method="post" action="{{ .PasswordUpdateURL }}">
				@csrf
				{{-- The one-time token from the link. It is a hidden field rather
				     than a query string so it stays out of the referer header and
				     out of the browser history. --}}
				<input type="hidden" name="token" value="{{ .ResetToken }}">

				{!! components.Field(components.FieldProps{
					Name: "email", Label: "Email", Type: "email",
					Value: .Email, Page: .,
					Autocomplete: "email", Required: true,
				}) !!}

				{!! components.Field(components.FieldProps{
					Name: "password", Label: "New password", Type: "password",
					Page: .,
					Hint: "At least twelve characters.",
					Autocomplete: "new-password", Required: true, Autofocus: true,
				}) !!}

				{!! components.Field(components.FieldProps{
					Name: "password_confirmation", Label: "Confirm the new password", Type: "password",
					Page: .,
					Autocomplete: "new-password", Required: true,
				}) !!}

				<div>
					<button type="submit" class="btn">Change it</button>
				</div>
			</form>
		</section>
	</div>
@endsection
