package authui

import (
	"crypto/subtle"
	"encoding/json"
	"errors"
	"fmt"
	"log/slog"
	"net/http"
	"strconv"
	"strings"
	"time"

	twofactor "github.com/arandu-io/hesape/2fa"
	nativeauth "github.com/arandu-io/hesape/auth"
	hhttp "github.com/arandu-io/hesape/http"
	"github.com/arandu-io/hesape/log"
	"github.com/arandu-io/hesape/otp"
	"github.com/arandu-io/hesape/qr"
	"github.com/arandu-io/hesape/validation"

	models "example.test/project/app/Models"
)

const (
	pendingPurpose = "two-factor-pending"
	pendingTTL     = 5 * time.Minute
)

type pendingSignIn struct {
	Tenant              string `json:"tenant"`
	UserID              string `json:"user_id"`
	PasswordFingerprint string `json:"password_fingerprint"`
	Remember            bool   `json:"remember"`
}

// LogValue redacts the fingerprint while retaining enough context to diagnose
// the short-lived handoff. JSON serialization remains the signed protocol and
// deliberately carries the real fingerprint so a password change invalidates it.
func (p pendingSignIn) LogValue() slog.Value {
	return slog.GroupValue(
		slog.String("tenant", p.Tenant),
		slog.String("user_id", p.UserID),
		slog.Bool("password_fingerprint_present", p.PasswordFingerprint != ""),
		slog.Bool("remember", p.Remember),
	)
}

// authenticatorCodeRequest is what the challenge and the setup confirmation
// send: the six digits the authenticator app shows.
type authenticatorCodeRequest struct {
	Code string `form:"authenticator_code"`
}

// LogValue says whether a code arrived and never which: a code is a credential
// for the thirty seconds it is good for.
func (in authenticatorCodeRequest) LogValue() slog.Value {
	return slog.GroupValue(slog.Bool("code_supplied", in.Code != ""))
}

// recoveryCodeRequest is what the recovery challenge sends: one of the codes
// shown once when two-factor authentication was set up.
type recoveryCodeRequest struct {
	Code string `form:"recovery_code"`
}

// LogValue says whether a code arrived and never which: a recovery code signs
// somebody in on its own.
func (in recoveryCodeRequest) LogValue() slog.Value {
	return slog.GroupValue(slog.Bool("code_supplied", in.Code != ""))
}

func (m *Module) writePending(w http.ResponseWriter, u models.User, remember bool) error {
	payload, err := json.Marshal(pendingSignIn{
		Tenant: u.TenantID, UserID: u.ID,
		PasswordFingerprint: u.PasswordFingerprint(), Remember: remember,
	})
	if err != nil {
		return err
	}
	http.SetCookie(w, &http.Cookie{
		Name: pendingPurpose, Value: m.signer.Sign(pendingPurpose, string(payload), pendingTTL),
		Path: "/auth/two-factor", Expires: time.Now().Add(pendingTTL),
		MaxAge: int(pendingTTL / time.Second), HttpOnly: true, Secure: m.secure,
		SameSite: http.SameSiteLaxMode,
	})
	return nil
}

func (m *Module) readPending(r *http.Request) (models.User, bool, error) {
	cookie, err := r.Cookie(pendingPurpose)
	if err != nil {
		return models.User{}, false, err
	}
	encoded, err := m.signer.Verify(pendingPurpose, cookie.Value)
	if err != nil {
		return models.User{}, false, err
	}
	var pending pendingSignIn
	if err := json.Unmarshal([]byte(encoded), &pending); err != nil || pending.Tenant == "" || pending.UserID == "" || pending.PasswordFingerprint == "" {
		return models.User{}, false, errors.New("invalid pending sign-in")
	}
	u, err := m.users.FindForAuthentication(r.Context(), pending.Tenant, pending.UserID)
	if err != nil {
		return models.User{}, false, err
	}
	if subtle.ConstantTimeCompare([]byte(u.PasswordFingerprint()), []byte(pending.PasswordFingerprint)) != 1 {
		return models.User{}, false, errors.New("password changed during pending sign-in")
	}
	return u, pending.Remember, nil
}

func (m *Module) clearPending(w http.ResponseWriter) {
	http.SetCookie(w, &http.Cookie{
		Name: pendingPurpose, Path: "/auth/two-factor", MaxAge: -1,
		Expires: time.Unix(1, 0), HttpOnly: true, Secure: m.secure,
		SameSite: http.SameSiteLaxMode,
	})
}

func (m *Module) showTwoFactorChallenge(w http.ResponseWriter, r *http.Request) {
	if _, _, err := m.readPending(r); err != nil {
		m.clearPending(w)
		redirect(w, r, "/auth/login")
		return
	}
	m.screen(w, r, "auth.two-factor.challenge", AuthPage{Page: m.page(r, "Two-factor challenge")})
}

// verifyTwoFactorChallenge finishes a pending sign-in with an authenticator
// code. A wrong code is returned to the router, which sends the person back to
// the challenge with the message; the pending cookie lives on, so they can try
// again until the account's budget says otherwise.
func (m *Module) verifyTwoFactorChallenge(ctx *hhttp.Context) error {
	w, r := ctx.Response, ctx.Request
	u, remember, err := m.readPending(r)
	if err != nil {
		m.clearPending(w)
		redirect(w, r, "/auth/login")
		return nil
	}
	var in authenticatorCodeRequest
	if err := ctx.Bind(&in); err != nil {
		return err
	}
	if in.Code == "" {
		return validation.Errors{"authenticator_code": {"that code is not valid"}}
	}
	if err := m.factors.VerifyAuthenticator(r.Context(), u.TenantID, u.ID, in.Code); err != nil {
		if m.challengeLocked(w, r, err) {
			return nil
		}
		if errors.Is(err, twofactor.ErrInvalidCode) {
			return validation.Errors{"authenticator_code": {"that code is not valid"}}
		}
		log.For(r.Context()).Error("verifying the authenticator code", "error", err)
		http.Error(w, "internal error", http.StatusInternalServerError)
		return nil
	}
	m.finishSignIn(w, r, u, remember)
	return nil
}

func (m *Module) showRecoveryChallenge(w http.ResponseWriter, r *http.Request) {
	if _, _, err := m.readPending(r); err != nil {
		m.clearPending(w)
		redirect(w, r, "/auth/login")
		return
	}
	m.screen(w, r, "auth.two-factor.recovery", AuthPage{Page: m.page(r, "Use a recovery code")})
}

// verifyRecoveryChallenge finishes a pending sign-in with a recovery code, and
// refuses one the way verifyTwoFactorChallenge refuses an authenticator code.
func (m *Module) verifyRecoveryChallenge(ctx *hhttp.Context) error {
	w, r := ctx.Response, ctx.Request
	u, remember, err := m.readPending(r)
	if err != nil {
		m.clearPending(w)
		redirect(w, r, "/auth/login")
		return nil
	}
	var in recoveryCodeRequest
	if err := ctx.Bind(&in); err != nil {
		return err
	}
	if in.Code == "" {
		return validation.Errors{"recovery_code": {"that recovery code is not valid"}}
	}
	if err := m.factors.ConsumeRecovery(r.Context(), u.TenantID, u.ID, in.Code); err != nil {
		if m.challengeLocked(w, r, err) {
			return nil
		}
		if errors.Is(err, twofactor.ErrInvalidCode) {
			return validation.Errors{"recovery_code": {"that recovery code is not valid"}}
		}
		log.For(r.Context()).Error("consuming the recovery code", "error", err)
		http.Error(w, "internal error", http.StatusInternalServerError)
		return nil
	}
	m.finishSignIn(w, r, u, remember)
	return nil
}

// challengeLocked ends the pending sign-in when the account has offered too
// many codes to the challenge, and reports whether it did.
//
// It runs before the wrong-code branch because a lock also matches
// twofactor.ErrInvalidCode: answered as a wrong code, it would send the person
// back to the challenge to try again, and every try would be refused. The
// count belongs to the account, so nothing the pending cookie carries can
// succeed until the window passes -- the cookie is cleared, the person is sent
// back to sign in with the reason on the screen, and Retry-After says how long
// the account waits.
func (m *Module) challengeLocked(w http.ResponseWriter, r *http.Request, err error) bool {
	var locked retryAfterError
	if !errors.As(err, &locked) {
		return false
	}
	m.clearPending(w)
	w.Header().Set("Retry-After", strconv.Itoa(locked.Seconds()))
	m.notify(w, r, "/auth/login", lockedMessage(locked.Seconds()), nil)
	return true
}

// lockedMessage is what the sign-in screen says after a lock, in whole minutes
// rounded up.
func lockedMessage(seconds int) string {
	minutes := (seconds + 59) / 60
	if minutes <= 1 {
		return "Too many codes. Sign in again in a minute."
	}
	return fmt.Sprintf("Too many codes. Sign in again in %d minutes.", minutes)
}

func (m *Module) showTwoFactorSetup(w http.ResponseWriter, r *http.Request) {
	m.screen(w, r, "auth.two-factor.setup", AuthPage{Page: m.page(r, "Set up two-factor authentication")})
}

// beginTwoFactorSetup starts enrolment for the signed-in person.
//
// The setup, disable and recovery-code routes sit behind RequireAuth and
// RequireConfirmedPassword, and each reads the subject the guard loaded from
// the request context rather than loading the session a second time. A request
// that arrives without one was routed past the guards, and is sent to sign in.
func (m *Module) beginTwoFactorSetup(w http.ResponseWriter, r *http.Request) {
	subject, ok := nativeauth.SubjectFrom(r.Context())
	if !ok {
		redirect(w, r, "/auth/login")
		return
	}
	provisioning, err := m.factors.Begin(r.Context(), subject, m.appName)
	if err != nil {
		log.For(r.Context()).Error("starting two-factor setup", "error", err)
		http.Error(w, "internal error", http.StatusInternalServerError)
		return
	}
	uri, err := provisioning.URI()
	if err != nil {
		http.Error(w, "internal error", http.StatusInternalServerError)
		return
	}
	code, err := qr.Encode(uri)
	if err != nil {
		http.Error(w, "internal error", http.StatusInternalServerError)
		return
	}
	svg, err := code.SVG(qr.Options{})
	if err != nil {
		http.Error(w, "internal error", http.StatusInternalServerError)
		return
	}
	m.screen(w, r, "auth.two-factor.setup", AuthPage{
		Page:      m.page(r, "Set up two-factor authentication"),
		QRCodeSVG: svg, SecretKey: otp.EncodeSecret(provisioning.Secret),
	})
}

// confirmTwoFactorSetup proves the first authenticator code and shows the
// recovery codes, once.
//
// A wrong code is returned to the router like every other refusal, and it
// sends the person back to the setup screen with the message. The secret is not
// carried across that redirect -- it would have to travel in a cookie -- so the
// screen offers to start again, and starting again issues a new one.
func (m *Module) confirmTwoFactorSetup(ctx *hhttp.Context) error {
	w, r := ctx.Response, ctx.Request
	subject, ok := nativeauth.SubjectFrom(r.Context())
	if !ok {
		redirect(w, r, "/auth/login")
		return nil
	}
	var in authenticatorCodeRequest
	if err := ctx.Bind(&in); err != nil {
		return err
	}
	if in.Code == "" {
		return validation.Errors{"authenticator_code": {"that code is not valid"}}
	}
	recoveryCodes, err := m.factors.Confirm(r.Context(), subject, in.Code)
	if err != nil {
		if errors.Is(err, twofactor.ErrInvalidCode) {
			return validation.Errors{"authenticator_code": {"that code is not valid"}}
		}
		log.For(r.Context()).Error("confirming two-factor setup", "error", err)
		http.Error(w, "internal error", http.StatusInternalServerError)
		return nil
	}
	m.showRecoveryCodes(w, r, recoveryCodes)
	return nil
}

func (m *Module) disableTwoFactor(w http.ResponseWriter, r *http.Request) {
	subject, ok := nativeauth.SubjectFrom(r.Context())
	if !ok {
		redirect(w, r, "/auth/login")
		return
	}
	if err := m.factors.Disable(r.Context(), subject); err != nil {
		log.For(r.Context()).Error("disabling two-factor authentication", "error", err)
		http.Error(w, "internal error", http.StatusInternalServerError)
		return
	}
	redirect(w, r, "/")
}

func (m *Module) regenerateRecoveryCodes(w http.ResponseWriter, r *http.Request) {
	subject, ok := nativeauth.SubjectFrom(r.Context())
	if !ok {
		redirect(w, r, "/auth/login")
		return
	}
	codes, err := m.factors.RegenerateRecoveryCodes(r.Context(), subject)
	if err != nil {
		log.For(r.Context()).Error("regenerating recovery codes", "error", err)
		http.Error(w, "internal error", http.StatusInternalServerError)
		return
	}
	m.showRecoveryCodes(w, r, codes)
}

func (m *Module) showRecoveryCodes(w http.ResponseWriter, r *http.Request, codes []string) {
	m.screen(w, r, "auth.two-factor.recovery-codes", AuthPage{
		Page: m.page(r, "Recovery codes"), RecoveryCodesText: strings.Join(codes, "\n"),
	})
}
