//go:build kyse

package mail

import (
	"github.com/arandu-io/kyse/mailui"
	appmail "example.test/project/app/Mail"
)

@go
type VerifyEmailData = appmail.VerifyEmail
@endgo

{{-- arandu:begin custom --}}
{!! mailui.Layout(mailui.LayoutProps{
	Brand: .BrandName,
	Heading: "Confirm your email address",
	Preheader: "Use the code to confirm your address.",
	Body: mailui.Paragraph("Hello " + .Greeting() + ", your confirmation code is " + .Code + ".") +
		mailui.Small("The code is single-use and expires shortly."),
	Footer: "If you did not create this account, ignore this message.",
}) !!}
{{-- arandu:end custom --}}
