//go:build kyse

package mail

import appmail "example.test/project/app/Mail"

@go
type VerifyEmailTextData = appmail.VerifyEmail
@endgo

Confirm your email address

{{-- arandu:begin custom --}}
Hello {{ .Greeting() }}. Your confirmation code is:

{{ .Code }}

The code is single-use and expires shortly.
{{-- arandu:end custom --}}
