//go:build kyse

package auth

import (
	"github.com/arandu-io/kyse/components"

	authui "example.test/project/app/Http/Controllers/Auth"
)

@go
// VerifyData is what the verification notice draws.
type VerifyData = authui.AuthPage
@endgo

@extends('layouts.app')

@section('content')
	<div class="mx-auto w-full max-w-md">
		<section class="card">
			<header class="border-b px-6 py-4">
				<h1 class="text-base font-semibold tracking-tight">Verify your email</h1>
			</header>

			<div class="flex flex-col gap-4 px-6 py-6 text-sm">
				{{-- A link that was not valid, or has expired. It is an error about
				     something that already happened, so it is a banner rather than a
				     message under a field: there is no field it belongs to. --}}
				@if(.EmailError != "")
					{!! components.Alert(components.AlertProps{Title: .EmailError, Variant: "destructive"}) !!}
				@endif

				@if(.Resent)
					{!! components.Alert(components.AlertProps{
						Title: "A fresh link is on its way",
						Message: "Check the address you registered with.",
					}) !!}
				@endif

				<p class="text-muted-foreground">Before going on, follow the link we sent you. If it did not arrive, ask for another.</p>

				<form method="post" action="{{ .VerificationResendURL }}">
					@csrf
					<button type="submit" class="btn">Send it again</button>
				</form>
			</div>
		</section>
	</div>
@endsection
