//go:build kyse

package mail

import (
	"github.com/arandu-io/kyse/mailui"

	appmail "example.test/project/app/Mail"
)

@go
// The data this message renders from, named rather than declared: it is
// app/Mail/VerifyEmail.go that owns it, because that is where it is filled in.
type VerifyEmailData = appmail.VerifyEmail
@endgo

{{-- The whole message is one call.
     mailui builds the table, the inline styles and the hidden preheader that a
     mail client needs -- Outlook renders with Word, Gmail strips <style>, and an
     external stylesheet is not fetched at all. Writing that by hand per message
     is how two messages from one application stop looking alike.

     The brand is a field and never a word typed here: this file is published
     into your project by a starter kit, and a name in the markup is the kit's
     name going out on your mail.

     Everything inside the block below is yours and survives a republish: the
     wording, the heading and the footer are what this application says, not what
     the kit says. --}}
{{-- arandu:begin custom --}}
{!! mailui.Layout(mailui.LayoutProps{
	Brand:     .BrandName,
	Heading:   "Confirm your email address",
	Preheader: "One click and the account is yours.",
	Body: mailui.Paragraph("Hello " + .Greeting() + ", and welcome. One click and the account is yours -- until then you can read, but not comment.") +
		mailui.Button(mailui.ButtonProps{Label: "Confirm my address", Href: .Link}) +
		mailui.Small("The link works for 24 hours.") +
		mailui.Fallback(.Link),
	Footer: "If you did not create this account, ignore this message. Nothing was activated and the address will not be written to again.",
}) !!}
{{-- arandu:end custom --}}
