//go:build kyse

package auth

import (
	"github.com/arandu-io/kyse/components"

	authui "example.test/project/app/Http/Controllers/Auth"
)

@go
// VerifyData is what the verification notice draws.
type VerifyData = authui.AuthPage
@endgo

@extends('layouts.app')

@section('content')
	<div class="mx-auto w-full max-w-md">
		<section class="card">
			<header class="border-b px-6 py-4">
				<h1 class="text-base font-semibold tracking-tight">Verify your email</h1>
			</header>

			<div class="flex flex-col gap-4 px-6 py-6 text-sm">
				@if(.Resent)
					{!! components.Alert(components.AlertProps{
						Title: "A fresh code is on its way",
						Message: "Check the address you registered with.",
					}) !!}
				@endif

				@if(.Status != "")
					{!! components.Alert(components.AlertProps{Title: .Status}) !!}
				@endif

				<p class="text-muted-foreground">Type the single-use code sent to your email address.</p>

				<form class="flex flex-col gap-4" method="post" action="{{ .VerificationConfirmURL }}">
					@csrf
					{!! components.Field(components.FieldProps{
						Name: "email", Label: "Email", Type: "email",
						Value: .Email, Page: ., Autocomplete: "email", Required: true,
					}) !!}
					{!! components.Field(components.FieldProps{
						Name: "email_code", Label: "Email code",
						Page: ., Autocomplete: "one-time-code", Required: true, Autofocus: true,
					}) !!}
					<div class="flex items-center gap-3">
						<button type="submit" class="btn">Confirm address</button>
						<button type="submit" class="btn" data-variant="outline" formaction="{{ .VerificationResendURL }}">Send another code</button>
					</div>
				</form>
			</div>
		</section>
	</div>
@endsection
